This file contains any messages produced by compilers while
running configure, to aid debugging if configure makes a mistake.

It was created by avr-libc configure 2.2.0git, which was
generated by GNU Autoconf 2.72.  Invocation command line was

  $ ./configure --build=x86_64-linux --host=avr --target=allarch-poky-linux --prefix=/usr --exec_prefix=/usr --bindir=/usr/bin --sbindir=/usr/sbin --libexecdir=/usr/libexec --datadir=/usr/share --sysconfdir=/etc --sharedstatedir=/com --localstatedir=/var --libdir=/usr/lib --includedir=/usr/include --oldincludedir=/usr/include --infodir=/usr/share/info --mandir=/usr/share/man --disable-silent-rules --disable-dependency-tracking --disable-static --disable-nls

## --------- ##
## Platform. ##
## --------- ##

hostname = rick-ubuntu-cube
uname -m = x86_64
uname -r = 6.8.0-90-generic
uname -s = Linux
uname -v = #91~22.04.1-Ubuntu SMP PREEMPT_DYNAMIC Thu Nov 20 15:20:45 UTC 2

/usr/bin/uname -p = x86_64
/bin/uname -X     = unknown

/bin/arch              = x86_64
/usr/bin/arch -k       = unknown
/usr/convex/getsysinfo = unknown
/usr/bin/hostinfo      = unknown
/bin/machine           = unknown
/usr/bin/oslevel       = unknown
/bin/universe          = unknown

PATH: /tools/bitbake-builds/poky-whinlatter/build/tmp/sysroots-uninative/x86_64-linux/usr/bin/
PATH: /tools/bitbake-builds/poky-whinlatter/layers/openembedded-core/scripts/
PATH: /tools/bitbake-builds/poky-whinlatter/build/tmp/work/all-poky-linux/avr-libc/2.1.0+git/recipe-sysroot-native/usr/bin/allarch-poky-linux/
PATH: /tools/bitbake-builds/poky-whinlatter/build/tmp/work/all-poky-linux/avr-libc/2.1.0+git/recipe-sysroot/usr/bin/crossscripts/
PATH: /tools/bitbake-builds/poky-whinlatter/build/tmp/work/all-poky-linux/avr-libc/2.1.0+git/recipe-sysroot-native/usr/sbin/
PATH: /tools/bitbake-builds/poky-whinlatter/build/tmp/work/all-poky-linux/avr-libc/2.1.0+git/recipe-sysroot-native/usr/bin/
PATH: /tools/bitbake-builds/poky-whinlatter/build/tmp/work/all-poky-linux/avr-libc/2.1.0+git/recipe-sysroot-native/sbin/
PATH: /tools/bitbake-builds/poky-whinlatter/build/tmp/work/all-poky-linux/avr-libc/2.1.0+git/recipe-sysroot-native/bin/
PATH: /tools/bitbake-builds/poky-whinlatter/layers/bitbake/bin/
PATH: /tools/bitbake-builds/poky-whinlatter/build/tmp/hosttools/


## ----------- ##
## Core tests. ##
## ----------- ##

configure:3376: loading site script /tools/bitbake-builds/poky-whinlatter/layers/openembedded-core/meta/site/endian-little
| ac_cv_c_littleendian=${ac_cv_c_littleendian=yes}
| ac_cv_c_bigendian=${ac_cv_c_bigendian=no}
| 
| # libnet
| ac_cv_libnet_endianess=${ac_cv_libnet_endianess=lil}
| 
| # libmemcached
| ac_cv_c_endian=little
configure:3376: loading site script /tools/bitbake-builds/poky-whinlatter/layers/openembedded-core/meta/site/common-linux
| # gettext - these add sleep delays otherwise
| gl_cv_func_sleep_works=${gl_cv_func_sleep_works=yes}
| gl_cv_header_working_fcntl_h=${gl_cv_header_working_fcntl_h=yes}
| # the euc-jp tests in iconv.m4 break elfutils and libunistring depending on the
| # host locales installed. Avoid this by skipping the tests, we're not on HP-UX!
| am_cv_func_iconv_works=${am_cv_func_iconv_works=yes}
| 
| # apr
| ac_cv_file__dev_zero=${ac_cv_file__dev_zero=yes}
| ac_cv_sizeof_pid_t=${ac_cv_sizeof_pid_t=4}
| ac_cv_func_pthread_key_delete=${ac_cv_func_pthread_key_delete=yes}
| apr_cv_tcp_nodelay_with_cork=${apr_cv_tcp_nodelay_with_cork=yes}
| apr_cv_process_shared_works=${apr_cv_process_shared_works=no}
| 
| # samba
| samba_cv_HAVE_IFACE_AIX=${samba_cv_HAVE_IFACE_AIX=no}
| samba_cv_HAVE_IFACE_IFCONF=${samba_cv_HAVE_IFACE_IFCONF=yes}
| samba_cv_HAVE_IFACE_IFREQ=${samba_cv_HAVE_IFACE_IFREQ=yes}
| samba_cv_HAVE_IRIX_SPECIFIC_CAPABILITIES=${samba_cv_HAVE_IRIX_SPECIFIC_CAPABILITIES=no}
| 
| # db
| db_cv_path_ar=${db_cv_path_ar=/usr/bin/ar}
| db_cv_path_chmod=${db_cv_path_chmod=/bin/chmod}
| db_cv_path_cp=${db_cv_path_cp=/bin/cp}
| db_cv_path_ln=${db_cv_path_ln=/bin/ln}
| db_cv_path_mkdir=${db_cv_path_mkdir=/bin/mkdir}
| db_cv_path_ranlib=${db_cv_path_ranlib=/usr/bin/ranlib}
| db_cv_path_rm=${db_cv_path_rm=/bin/rm}
| db_cv_path_sh=${db_cv_path_sh=/bin/sh}
| db_cv_path_strip=${db_cv_path_strip=/usr/bin/strip}
| 
| # bash
| bash_cv_have_mbstate_t=${bash_cv_have_mbstate_t=yes}
| bash_cv_must_reinstall_sighandlers=${bash_cv_must_reinstall_sighandlers=no}
| bash_cv_func_strcoll_broken=${bash_cv_func_strcoll_broken=no}
| bash_cv_dup2_broken=${bash_cv_dup2_broken=no}
| bash_cv_opendir_not_robust=${bash_cv_opendir_not_robust=no}
| bash_cv_type_rlimit=${bash_cv_type_rlimit=rlim_t}
| bash_cv_getenv_redef=${bash_cv_getenv_redef=yes}
| bash_cv_ulimit_maxfds=${bash_cv_ulimit_maxfds=yes}
| bash_cv_getcwd_calls_popen=${bash_cv_getcwd_calls_popen=no}
| bash_cv_printf_a_format=${bash_cv_printf_a_format=yes}
| bash_cv_pgrp_pipe=${bash_cv_pgrp_pipe=no}
| bash_cv_job_control_missing=${bash_cv_job_control_missing=present}
| bash_cv_sys_named_pipes=${bash_cv_sys_named_pipes=present}
| bash_cv_unusable_rtsigs=${bash_cv_unusable_rtsigs=no}
| 
| # ccache
| hw_cv_func_snprintf_c99=${hw_cv_func_snprintf_c99=yes}
| hw_cv_func_vsnprintf_c99=${hw_cv_func_vsnprintf_c99=yes}
| 
| # coreutils
| ac_cv_func_chown_works=${ac_cv_func_chown_works=yes}
| ac_cv_func_utime_null=${ac_cv_func_utime_null=yes}
| gl_cv_func_fstatat_zero_flag=${gl_cv_func_fstatat_zero_flag=yes}
| gl_cv_func_link_follows_symlink=${gl_cv_func_link_follows_symlink=no}
| gl_cv_func_unlink_busy_text=${gl_cv_func_unlink_busy_text=yes}
| gl_cv_have_proc_uptime=${gl_cv_have_proc_uptime=yes}
| gl_cv_pipes_are_fifos=${gl_cv_pipes_are_fifos='yes (1)'}
| 
| # mysql
| ac_cv_sys_restartable_syscalls=${ac_cv_sys_restartable_syscalls=yes}
| ac_cv_conv_longlong_to_float=${ac_cv_conv_longlong_to_float=yes}
| 
| # TCL
| tcl_cv_api_serial=${tcl_cv_api_serial=termios}
| 
| # python
| ac_cv_have_long_long_format=yes
| 
| # apache
| ac_cv_o_nonblock_inherited=${ac_cv_o_nonblock_inherited=no}
| 
| # rsync
| rsync_cv_HAVE_C99_VSNPRINTF=${rsync_cv_HAVE_C99_VSNPRINTF=yes}
configure:3376: loading site script /tools/bitbake-builds/poky-whinlatter/layers/openembedded-core/meta/site/common-glibc
| # general
| ac_cv_func_calloc_0_nonnull=${ac_cv_func_calloc_0_nonnull=yes}
| ac_cv_func_realloc_works=${ac_cv_func_realloc_works=yes}
| ac_cv_func_realloc_0_nonnull=${ac_cv_func_realloc_0_nonnull=yes}
| ac_cv_func_malloc_works=${ac_cv_func_malloc_works=yes}
| ac_cv_func_malloc_0_nonnull=${ac_cv_func_malloc_0_nonnull=yes}
| ac_cv_func_memcmp_working=${ac_cv_func_memcmp_working=yes}
| ac_cv_func_getpgrp_void=yes
| ac_cv_func_setpgrp_void=yes
| ac_cv_func_setgrent_void=yes
| ac_cv_func_getgrgid_r=${ac_cv_func_getgrgid_r=yes}
| ac_cv_func_getpwuid_r=${ac_cv_func_getpwuid_r=yes}
| ac_cv_func_posix_getpwuid_r=${ac_cv_func_posix_getpwuid_r=yes}
| ac_cv_func_posix_getpwnam_r=${ac_cv_func_posix_getpwnam_r=yes}
| ac_cv_func_posix_getgrgid_r=${ac_cv_func_posix_getgrgid_r=yes}
| ac_cv_func_getaddrinfo=${ac_cv_func_getaddrinfo=yes}
| ac_cv_func_strtod=${ac_cv_func_strtod=yes}
| ac_cv_func_fnmatch_works=${ac_cv_func_fnmatch_works=yes}
| 
| # bash
| bash_cv_getcwd_malloc=${bash_cv_getcwd_malloc=yes}
| 
| # clamav
| clamav_av_func_working_snprintf_long=${clamav_av_func_working_snprintf_long=yes}
| clamav_av_have_in_port_t=${clamav_av_have_in_port_t=yes}
| clamav_av_have_in_addr_t=${clamav_av_have_in_addr_t=yes}
| ac_cv_func_mmap_fixed_mapped=${ac_cv_func_mmap_fixed_mapped=yes}
| 
| # coreutils
| fu_cv_sys_stat_statfs2_bsize=${fu_cv_sys_stat_statfs2_bsize=yes}
| gl_cv_func_getcwd_abort_bug=${gl_cv_func_getcwd_abort_bug=no}
| gl_cv_func_getcwd_null=${gl_cv_func_getcwd_null=yes}
| gl_cv_func_getcwd_path_max=${gl_cv_func_getcwd_path_max=yes}
| ac_cv_func_getgroups_works=${ac_cv_func_getgroups_works=yes}
| gl_cv_func_nanosleep=${gl_cv_func_nanosleep='no (mishandles large arguments)'}
| gl_cv_func_working_mkstemp=${gl_cv_func_working_mkstemp=yes}
| gl_cv_func_working_mktime=${gl_cv_func_working_mktime=yes}
| gl_cv_func_working_utimes=${gl_cv_func_working_utimes=yes}
| 
| # gnucash
| am_cv_scanf_lld=${am_cv_scanf_lld=yes}
| 
| # guile
| ac_cv_func_pthread_attr_getstack=${ac_cv_func_pthread_attr_getstack=yes}
| 
| #gcc-zlib
| ac_cv_func_getpagesize=${ac_cv_func_getpagesize=yes}
| ac_cv_func_memcpy=${ac_cv_func_memcpy=yes}
| ac_cv_func_strerror=${ac_cv_func_strerror=yes}
| 
| # squid
| ac_cv_af_unix_large_dgram=${ac_cv_af_unix_large_dgram=yes}
| ac_cv_func_setresuid=${ac_cv_func_setresuid=yes}
| ac_cv_func_va_copy=${ac_cv_func_va_copy=yes}
| ac_cv_func___va_copy=${ac_cv_func___va_copy=yes}
| ac_cv_epoll_works=${ac_cv_epoll_works=yes}
| 
| ac_cv_check_sjlj=ssjlj
| 
| # m4
| gt_cv_locale_fr=${gt_cv_locale_fr=fr_FR}
| gl_cv_func_btowc_eof=${gl_cv_func_btowc_eof=yes}
| gl_cv_func_wcrtomb_retval=${gl_cv_func_wcrtomb_retval=yes}
| gl_cv_func_wctob_works=${gl_cv_func_wctob_works=yes}
| gl_cv_func_mbrtowc_incomplete_state=${gl_cv_func_mbrtowc_incomplete_state=yes}
| gl_cv_func_mbrtowc_sanitycheck=${gl_cv_func_mbrtowc_sanitycheck=yes}
| gl_cv_func_mbrtowc_null_arg=${gl_cv_func_mbrtowc_null_arg=yes}
| gl_cv_func_mbrtowc_retval=${gl_cv_func_mbrtowc_retval=yes}
| gl_cv_func_mbrtowc_nul_retval=${gl_cv_func_mbrtowc_nul_retval=yes}
| 
| # va_copy and _va_copy
| ac_cv_va_copy=${ac_cv_va_copy=yes}
| ac_cv___va_copy=${ac_cv___va_copy=yes}
| ac_cv_func_va_copy=${ac_cv_func_va_copy=yes}
| ac_cv_func___va_copy=${ac_cv_func___va_copy=yes}
| 
| # Xorg
| xorg_cv_malloc0_returns_null=${xorg_cv_malloc0_returns_null=yes}
configure:3376: loading site script /tools/bitbake-builds/poky-whinlatter/layers/openembedded-core/meta/site/common
| # libelf
| mr_cv_target_elf=${mr_cv_target_elf=yes}
| 
| # Normally kernels have /dev/random enabled
| ac_cv_file__dev_random=${ac_cv_file__dev_random=yes}
| 
| # Avoid sudo to assume void for unsetenv in cross environment, or else it conflicts with
| # target stdlib.h prototype which follows POSIX compiliance. Mark for upstream.
| sudo_cv_func_unsetenv_void=no
| 
| # shadow dir info, to avoid searching build system
| shadow_cv_maildir=${localstatedir}/spool/mail
| shadow_cv_mailfile=Mailbox
| shadow_cv_utmpdir=${localstatedir}/run
| shadow_cv_logdir=${localstatedir}/log
| shadow_cv_passwd_dir=${bindir}
| 
| # python: deactivate a runtime check for ipv6-support in python >=2.7.1 that fails when cross-compiling
| ac_cv_buggy_getaddrinfo=no
| 
| ac_cv_path_SED=${ac_cv_path_SED=sed}
| 
| # General
| ac_cv_have_decl_sys_siglist=${ac_cv_have_decl_sys_siglist=no}
| 
| # bash
| bash_cv_under_sys_siglist=${bash_cv_under_sys_siglist=no}
| bash_cv_sys_siglist=${bash_cv_sys_siglist=no}
configure:3743: looking for aux files: compile missing install-sh config.guess config.sub
configure:3756:  trying ./
configure:3785:   ./compile found
configure:3785:   ./missing found
configure:3767:   ./install-sh found
configure:3785:   ./config.guess found
configure:3785:   ./config.sub found
configure:3925: checking build system type
configure:3941: result: x86_64-pc-linux-gnu
configure:3961: checking host system type
configure:3976: result: avr-unknown-none
configure:4000: checking if configuring for cross compile
configure:4020: result: yes
configure:4024: checking if target host is avr
configure:4028: result: yes
configure:4069: checking for a BSD-compatible install
configure:4143: result: /tools/bitbake-builds/poky-whinlatter/build/tmp/hosttools/install -c
configure:4154: checking whether sleep supports fractional seconds
configure:4170: result: yes
configure:4173: checking filesystem timestamp resolution
configure:4308: result: 0.01
configure:4313: checking whether build environment is sane
configure:4332: result: yes
configure:4379: checking for avr-strip
configure:4412: result: strip
configure:4484: checking for a race-free mkdir -p
configure:4527: result: /tools/bitbake-builds/poky-whinlatter/build/tmp/hosttools/mkdir -p
configure:4534: checking for gawk
configure:4555: found /tools/bitbake-builds/poky-whinlatter/build/tmp/hosttools/gawk
configure:4567: result: gawk
configure:4578: checking whether make sets $(MAKE)
configure:4602: result: yes
configure:4628: checking whether make supports nested variables
configure:4647: result: yes
configure:4661: checking xargs -n works
configure:4677: result: yes
configure:4762: checking whether UID '1000' is supported by ustar format
configure:4768: result: yes
configure:4775: checking whether GID '1000' is supported by ustar format
configure:4781: result: yes
configure:4789: checking how to create a ustar tar archive
configure:4800: tar --version
tar (GNU tar) 1.34
Copyright (C) 2021 Free Software Foundation, Inc.
License GPLv3+: GNU GPL version 3 or later <https://gnu.org/licenses/gpl.html>.
This is free software: you are free to change and redistribute it.
There is NO WARRANTY, to the extent permitted by law.

Written by John Gilmore and Jay Fenlason.
configure:4803: $? = 0
configure:4843: tardir=conftest.dir && eval tar --format=ustar -chf - "$tardir" >conftest.tar
configure:4846: $? = 0
configure:4850: tar -xf - <conftest.tar
configure:4853: $? = 0
configure:4855: cat conftest.dir/file
GrepMe
configure:4858: $? = 0
configure:4873: result: gnutar
configure:4927: checking for avr-gcc
configure:4960: result: gcc none --sysroot=/tools/bitbake-builds/poky-whinlatter/build/tmp/work/all-poky-linux/avr-libc/2.1.0+git/recipe-sysroot
configure:5365: checking for C compiler version
configure:5374: gcc none --sysroot=/tools/bitbake-builds/poky-whinlatter/build/tmp/work/all-poky-linux/avr-libc/2.1.0+git/recipe-sysroot --version >&5
gcc (Ubuntu 11.4.0-1ubuntu1~22.04.2) 11.4.0
Copyright (C) 2021 Free Software Foundation, Inc.
This is free software; see the source for copying conditions.  There is NO
warranty; not even for MERCHANTABILITY or FITNESS FOR A PARTICULAR PURPOSE.

configure:5385: $? = 0
configure:5374: gcc none --sysroot=/tools/bitbake-builds/poky-whinlatter/build/tmp/work/all-poky-linux/avr-libc/2.1.0+git/recipe-sysroot -v >&5
Using built-in specs.
COLLECT_GCC=gcc
COLLECT_LTO_WRAPPER=/usr/lib/gcc/x86_64-linux-gnu/11/lto-wrapper
OFFLOAD_TARGET_NAMES=nvptx-none:amdgcn-amdhsa
OFFLOAD_TARGET_DEFAULT=1
Target: x86_64-linux-gnu
Configured with: ../src/configure -v --with-pkgversion='Ubuntu 11.4.0-1ubuntu1~22.04.2' --with-bugurl=file:///usr/share/doc/gcc-11/README.Bugs --enable-languages=c,ada,c++,go,brig,d,fortran,objc,obj-c++,m2 --prefix=/usr --with-gcc-major-version-only --program-suffix=-11 --program-prefix=x86_64-linux-gnu- --enable-shared --enable-linker-build-id --libexecdir=/usr/lib --without-included-gettext --enable-threads=posix --libdir=/usr/lib --enable-nls --enable-bootstrap --enable-clocale=gnu --enable-libstdcxx-debug --enable-libstdcxx-time=yes --with-default-libstdcxx-abi=new --enable-gnu-unique-object --disable-vtable-verify --enable-plugin --enable-default-pie --with-system-zlib --enable-libphobos-checking=release --with-target-system-zlib=auto --enable-objc-gc=auto --enable-multiarch --disable-werror --enable-cet --with-arch-32=i686 --with-abi=m64 --with-multilib-list=m32,m64,mx32 --enable-multilib --with-tune=generic --enable-offload-targets=nvptx-none=/build/gcc-11-2Y5pKs/gcc-11-11.4.0/debian/tmp-nvptx/usr,amdgcn-amdhsa=/build/gcc-11-2Y5pKs/gcc-11-11.4.0/debian/tmp-gcn/usr --without-cuda-driver --enable-checking=release --build=x86_64-linux-gnu --host=x86_64-linux-gnu --target=x86_64-linux-gnu --with-build-config=bootstrap-lto-lean --enable-link-serialization=2
Thread model: posix
Supported LTO compression algorithms: zlib zstd
gcc version 11.4.0 (Ubuntu 11.4.0-1ubuntu1~22.04.2) 
... rest of stderr output deleted ...
configure:5385: $? = 1
configure:5374: gcc none --sysroot=/tools/bitbake-builds/poky-whinlatter/build/tmp/work/all-poky-linux/avr-libc/2.1.0+git/recipe-sysroot -V >&5
gcc: error: unrecognized command-line option '-V'
configure:5385: $? = 1
configure:5374: gcc none --sysroot=/tools/bitbake-builds/poky-whinlatter/build/tmp/work/all-poky-linux/avr-libc/2.1.0+git/recipe-sysroot -qversion >&5
gcc: error: unrecognized command-line option '-qversion'; did you mean '--version'?
configure:5385: $? = 1
configure:5374: gcc none --sysroot=/tools/bitbake-builds/poky-whinlatter/build/tmp/work/all-poky-linux/avr-libc/2.1.0+git/recipe-sysroot -version >&5
gcc: error: unrecognized command-line option '-version'
configure:5385: $? = 1
configure:5405: gcc none --sysroot=/tools/bitbake-builds/poky-whinlatter/build/tmp/work/all-poky-linux/avr-libc/2.1.0+git/recipe-sysroot -o conftest    conftest.c  >&5
/tools/bitbake-builds/poky-whinlatter/build/tmp/hosttools/ld: cannot find none: No such file or directory
collect2: error: ld returned 1 exit status
configure:5409: $? = 1
configure:5631: checking whether we are cross compiling
configure:5669: result: yes
configure:5673: checking for suffix of object files
configure:5696: gcc none --sysroot=/tools/bitbake-builds/poky-whinlatter/build/tmp/work/all-poky-linux/avr-libc/2.1.0+git/recipe-sysroot -c   conftest.c >&5
gcc: warning: none: linker input file unused because linking not done
gcc: error: none: linker input file not found: No such file or directory
configure:5700: $? = 1
configure: failed program was:
| /* confdefs.h */
| #define PACKAGE_NAME "avr-libc"
| #define PACKAGE_TARNAME "avr-libc"
| #define PACKAGE_VERSION "2.2.0git"
| #define PACKAGE_STRING "avr-libc 2.2.0git"
| #define PACKAGE_BUGREPORT "avr-libc-dev@nongnu.org"
| #define PACKAGE_URL ""
| #define PACKAGE "avr-libc"
| #define VERSION "2.2.0git"
| /* end confdefs.h.  */
| 
| int
| main (void)
| {
| 
|   ;
|   return 0;
| }
configure:5715: error: in '/tools/bitbake-builds/poky-whinlatter/build/tmp/work/all-poky-linux/avr-libc/2.1.0+git/sources/avr-libc-2.1.0+git':
configure:5717: error: cannot compute suffix of object files: cannot compile
See 'config.log' for more details

## ---------------- ##
## Cache variables. ##
## ---------------- ##

ac_cv___va_copy=yes
ac_cv_af_unix_large_dgram=yes
ac_cv_buggy_getaddrinfo=no
ac_cv_build=x86_64-pc-linux-gnu
ac_cv_c_bigendian=no
ac_cv_c_endian=little
ac_cv_c_littleendian=yes
ac_cv_check_sjlj=ssjlj
ac_cv_conv_longlong_to_float=yes
ac_cv_env_CCASFLAGS_set=
ac_cv_env_CCASFLAGS_value=
ac_cv_env_CCAS_set=
ac_cv_env_CCAS_value=
ac_cv_env_CC_set=set
ac_cv_env_CC_value='gcc none --sysroot=/tools/bitbake-builds/poky-whinlatter/build/tmp/work/all-poky-linux/avr-libc/2.1.0+git/recipe-sysroot'
ac_cv_env_CFLAGS_set=set
ac_cv_env_CFLAGS_value=
ac_cv_env_CPPFLAGS_set=set
ac_cv_env_CPPFLAGS_value=
ac_cv_env_LDFLAGS_set=set
ac_cv_env_LDFLAGS_value=
ac_cv_env_LIBS_set=
ac_cv_env_LIBS_value=
ac_cv_env_build_alias_set=set
ac_cv_env_build_alias_value=x86_64-linux
ac_cv_env_host_alias_set=set
ac_cv_env_host_alias_value=avr
ac_cv_env_target_alias_set=set
ac_cv_env_target_alias_value=allarch-poky-linux
ac_cv_epoll_works=yes
ac_cv_file__dev_random=yes
ac_cv_file__dev_zero=yes
ac_cv_func___va_copy=yes
ac_cv_func_calloc_0_nonnull=yes
ac_cv_func_chown_works=yes
ac_cv_func_fnmatch_works=yes
ac_cv_func_getaddrinfo=yes
ac_cv_func_getgrgid_r=yes
ac_cv_func_getgroups_works=yes
ac_cv_func_getpagesize=yes
ac_cv_func_getpgrp_void=yes
ac_cv_func_getpwuid_r=yes
ac_cv_func_malloc_0_nonnull=yes
ac_cv_func_malloc_works=yes
ac_cv_func_memcmp_working=yes
ac_cv_func_memcpy=yes
ac_cv_func_mmap_fixed_mapped=yes
ac_cv_func_posix_getgrgid_r=yes
ac_cv_func_posix_getpwnam_r=yes
ac_cv_func_posix_getpwuid_r=yes
ac_cv_func_pthread_attr_getstack=yes
ac_cv_func_pthread_key_delete=yes
ac_cv_func_realloc_0_nonnull=yes
ac_cv_func_realloc_works=yes
ac_cv_func_setgrent_void=yes
ac_cv_func_setpgrp_void=yes
ac_cv_func_setresuid=yes
ac_cv_func_strerror=yes
ac_cv_func_strtod=yes
ac_cv_func_utime_null=yes
ac_cv_func_va_copy=yes
ac_cv_have_decl_sys_siglist=no
ac_cv_have_long_long_format=yes
ac_cv_host=avr-unknown-none
ac_cv_libnet_endianess=lil
ac_cv_o_nonblock_inherited=no
ac_cv_path_SED=sed
ac_cv_path_install='/tools/bitbake-builds/poky-whinlatter/build/tmp/hosttools/install -c'
ac_cv_path_mkdir=/tools/bitbake-builds/poky-whinlatter/build/tmp/hosttools/mkdir
ac_cv_prog_AWK=gawk
ac_cv_prog_CC='gcc none --sysroot=/tools/bitbake-builds/poky-whinlatter/build/tmp/work/all-poky-linux/avr-libc/2.1.0+git/recipe-sysroot'
ac_cv_prog_STRIP=strip
ac_cv_prog_make_make_set=yes
ac_cv_sizeof_pid_t=4
ac_cv_sys_restartable_syscalls=yes
ac_cv_va_copy=yes
am_cv_filesystem_timestamp_resolution=0.01
am_cv_func_iconv_works=yes
am_cv_make_support_nested_variables=yes
am_cv_prog_tar_ustar=gnutar
am_cv_scanf_lld=yes
am_cv_sleep_fractional_seconds=yes
am_cv_xargs_n_works=yes
apr_cv_process_shared_works=no
apr_cv_tcp_nodelay_with_cork=yes
bash_cv_dup2_broken=no
bash_cv_func_strcoll_broken=no
bash_cv_getcwd_calls_popen=no
bash_cv_getcwd_malloc=yes
bash_cv_getenv_redef=yes
bash_cv_have_mbstate_t=yes
bash_cv_job_control_missing=present
bash_cv_must_reinstall_sighandlers=no
bash_cv_opendir_not_robust=no
bash_cv_pgrp_pipe=no
bash_cv_printf_a_format=yes
bash_cv_sys_named_pipes=present
bash_cv_sys_siglist=no
bash_cv_type_rlimit=rlim_t
bash_cv_ulimit_maxfds=yes
bash_cv_under_sys_siglist=no
bash_cv_unusable_rtsigs=no
db_cv_path_ar=/usr/bin/ar
db_cv_path_chmod=/bin/chmod
db_cv_path_cp=/bin/cp
db_cv_path_ln=/bin/ln
db_cv_path_mkdir=/bin/mkdir
db_cv_path_ranlib=/usr/bin/ranlib
db_cv_path_rm=/bin/rm
db_cv_path_sh=/bin/sh
db_cv_path_strip=/usr/bin/strip
fu_cv_sys_stat_statfs2_bsize=yes
gl_cv_func_btowc_eof=yes
gl_cv_func_fstatat_zero_flag=yes
gl_cv_func_getcwd_abort_bug=no
gl_cv_func_getcwd_null=yes
gl_cv_func_getcwd_path_max=yes
gl_cv_func_link_follows_symlink=no
gl_cv_func_mbrtowc_incomplete_state=yes
gl_cv_func_mbrtowc_nul_retval=yes
gl_cv_func_mbrtowc_null_arg=yes
gl_cv_func_mbrtowc_retval=yes
gl_cv_func_mbrtowc_sanitycheck=yes
gl_cv_func_nanosleep='no (mishandles large arguments)'
gl_cv_func_sleep_works=yes
gl_cv_func_unlink_busy_text=yes
gl_cv_func_wcrtomb_retval=yes
gl_cv_func_wctob_works=yes
gl_cv_func_working_mkstemp=yes
gl_cv_func_working_mktime=yes
gl_cv_func_working_utimes=yes
gl_cv_have_proc_uptime=yes
gl_cv_header_working_fcntl_h=yes
gl_cv_pipes_are_fifos='yes (1)'
gt_cv_locale_fr=fr_FR
hw_cv_func_snprintf_c99=yes
hw_cv_func_vsnprintf_c99=yes
lt_cv_sys_lib_dlsearch_path_spec='/usr/lib /lib'
mr_cv_target_elf=yes
rsync_cv_HAVE_C99_VSNPRINTF=yes
samba_cv_HAVE_IFACE_AIX=no
samba_cv_HAVE_IFACE_IFCONF=yes
samba_cv_HAVE_IFACE_IFREQ=yes
samba_cv_HAVE_IRIX_SPECIFIC_CAPABILITIES=no
shadow_cv_logdir=/var/log
shadow_cv_maildir=/var/spool/mail
shadow_cv_mailfile=Mailbox
shadow_cv_passwd_dir=/usr/bin
shadow_cv_utmpdir=/var/run
sudo_cv_func_unsetenv_void=no
tcl_cv_api_serial=termios
xorg_cv_malloc0_returns_null=yes

## ----------------- ##
## Output variables. ##
## ----------------- ##

ACLOCAL='${SHELL} '\''/tools/bitbake-builds/poky-whinlatter/build/tmp/work/all-poky-linux/avr-libc/2.1.0+git/sources/avr-libc-2.1.0+git/missing'\'' aclocal-1.18'
AMDEPBACKSLASH=''
AMDEP_FALSE=''
AMDEP_TRUE=''
AMTAR='$${TAR-tar}'
AM_BACKSLASH='\'
AM_DEFAULT_V=''
AM_DEFAULT_VERBOSITY='1'
AM_V=''
AR='gcc-ar'
AS='as none'
ASDEBUG=''
AUTOCONF='${SHELL} '\''/tools/bitbake-builds/poky-whinlatter/build/tmp/work/all-poky-linux/avr-libc/2.1.0+git/sources/avr-libc-2.1.0+git/missing'\'' autoconf'
AUTOHEADER='${SHELL} '\''/tools/bitbake-builds/poky-whinlatter/build/tmp/work/all-poky-linux/avr-libc/2.1.0+git/sources/avr-libc-2.1.0+git/missing'\'' autoheader'
AUTOMAKE='${SHELL} '\''/tools/bitbake-builds/poky-whinlatter/build/tmp/work/all-poky-linux/avr-libc/2.1.0+git/sources/avr-libc-2.1.0+git/missing'\'' automake-1.18'
AVR_LIBC_MAJOR='2'
AVR_LIBC_MINOR='2'
AVR_LIBC_RELDATE='20220701'
AVR_LIBC_REVISION='0'
AVR_LIBC_USER_MANUAL=''
AVR_LIBC_VERSION='2.2.0git'
AVR_LIBC_VERSION_NUMERIC='20200'
AWK='gawk'
CC='gcc none --sysroot=/tools/bitbake-builds/poky-whinlatter/build/tmp/work/all-poky-linux/avr-libc/2.1.0+git/recipe-sysroot'
CCAS=''
CCASDEPMODE=''
CCASFLAGS=''
CCDEPMODE=''
CDEBUG=''
CFLAGS=''
CPPFLAGS=''
CSCOPE='cscope'
CTAGS='ctags'
CYGPATH_W='echo'
DEFS=''
DEPDIR=''
DEVLIST_avr25=''
DEVLIST_avr25_double32=''
DEVLIST_avr25_double64=''
DEVLIST_avr25_long_double32=''
DEVLIST_avr25_long_double64=''
DEVLIST_avr25_tiny_stack=''
DEVLIST_avr25_tiny_stack_double32=''
DEVLIST_avr25_tiny_stack_double64=''
DEVLIST_avr25_tiny_stack_long_double32=''
DEVLIST_avr25_tiny_stack_long_double64=''
DEVLIST_avr2=''
DEVLIST_avr31=''
DEVLIST_avr31_double32=''
DEVLIST_avr31_double64=''
DEVLIST_avr31_long_double32=''
DEVLIST_avr31_long_double64=''
DEVLIST_avr35=''
DEVLIST_avr35_double32=''
DEVLIST_avr35_double64=''
DEVLIST_avr35_long_double32=''
DEVLIST_avr35_long_double64=''
DEVLIST_avr3=''
DEVLIST_avr3_double32=''
DEVLIST_avr3_double64=''
DEVLIST_avr3_long_double32=''
DEVLIST_avr3_long_double64=''
DEVLIST_avr4=''
DEVLIST_avr4_double32=''
DEVLIST_avr4_double64=''
DEVLIST_avr4_long_double32=''
DEVLIST_avr4_long_double64=''
DEVLIST_avr51=''
DEVLIST_avr51_double32=''
DEVLIST_avr51_double64=''
DEVLIST_avr51_long_double32=''
DEVLIST_avr51_long_double64=''
DEVLIST_avr5=''
DEVLIST_avr5_double32=''
DEVLIST_avr5_double64=''
DEVLIST_avr5_long_double32=''
DEVLIST_avr5_long_double64=''
DEVLIST_avr6=''
DEVLIST_avr6_double32=''
DEVLIST_avr6_double64=''
DEVLIST_avr6_long_double32=''
DEVLIST_avr6_long_double64=''
DEVLIST_avrtiny=''
DEVLIST_avrtiny_double32=''
DEVLIST_avrtiny_double64=''
DEVLIST_avrtiny_long_double32=''
DEVLIST_avrtiny_long_double64=''
DEVLIST_avrxmega2=''
DEVLIST_avrxmega2_double32=''
DEVLIST_avrxmega2_double64=''
DEVLIST_avrxmega2_long_double32=''
DEVLIST_avrxmega2_long_double64=''
DEVLIST_avrxmega3=''
DEVLIST_avrxmega3_double32=''
DEVLIST_avrxmega3_double64=''
DEVLIST_avrxmega3_long_double32=''
DEVLIST_avrxmega3_long_double64=''
DEVLIST_avrxmega3_short_calls=''
DEVLIST_avrxmega3_short_calls_double32=''
DEVLIST_avrxmega3_short_calls_double64=''
DEVLIST_avrxmega3_short_calls_long_double32=''
DEVLIST_avrxmega3_short_calls_long_double64=''
DEVLIST_avrxmega4=''
DEVLIST_avrxmega4_double32=''
DEVLIST_avrxmega4_double64=''
DEVLIST_avrxmega4_long_double32=''
DEVLIST_avrxmega4_long_double64=''
DEVLIST_avrxmega5=''
DEVLIST_avrxmega5_double32=''
DEVLIST_avrxmega5_double64=''
DEVLIST_avrxmega5_long_double32=''
DEVLIST_avrxmega5_long_double64=''
DEVLIST_avrxmega6=''
DEVLIST_avrxmega6_double32=''
DEVLIST_avrxmega6_double64=''
DEVLIST_avrxmega6_long_double32=''
DEVLIST_avrxmega6_long_double64=''
DEVLIST_avrxmega7=''
DEVLIST_avrxmega7_double32=''
DEVLIST_avrxmega7_double64=''
DEVLIST_avrxmega7_long_double32=''
DEVLIST_avrxmega7_long_double64=''
DEVLIST_double32=''
DEVLIST_double64=''
DEVLIST_long_double32=''
DEVLIST_long_double64=''
DEVLIST_tiny_stack=''
DEVLIST_tiny_stack_double32=''
DEVLIST_tiny_stack_double64=''
DEVLIST_tiny_stack_long_double32=''
DEVLIST_tiny_stack_long_double64=''
DIR_avr1=''
DIR_double32=''
DIR_double64=''
DIR_long_double32=''
DIR_long_double64=''
DOCSDIR=''
DOC_INST_DIR=''
ECHO_C=''
ECHO_N='-n'
ECHO_T=''
ETAGS='etags'
EXEEXT=''
FNO_JUMP_TABLES=''
HAS_DELAY_CYCLES=''
HAS_DEV_LIB_FALSE=''
HAS_DEV_LIB_TRUE=''
HAS_GCC_5_1_FALSE=''
HAS_GCC_5_1_TRUE=''
HAS_MULTIOPT_double32_FALSE=''
HAS_MULTIOPT_double32_TRUE=''
HAS_MULTIOPT_double64_FALSE=''
HAS_MULTIOPT_double64_TRUE=''
HAS_MULTIOPT_long_double32_FALSE=''
HAS_MULTIOPT_long_double32_TRUE=''
HAS_MULTIOPT_long_double64_FALSE=''
HAS_MULTIOPT_long_double64_TRUE=''
HAS_MULTI_avr25_FALSE=''
HAS_MULTI_avr25_TRUE=''
HAS_MULTI_avr25_double32_FALSE=''
HAS_MULTI_avr25_double32_TRUE=''
HAS_MULTI_avr25_double64_FALSE=''
HAS_MULTI_avr25_double64_TRUE=''
HAS_MULTI_avr25_long_double32_FALSE=''
HAS_MULTI_avr25_long_double32_TRUE=''
HAS_MULTI_avr25_long_double64_FALSE=''
HAS_MULTI_avr25_long_double64_TRUE=''
HAS_MULTI_avr25_tiny_stack_FALSE=''
HAS_MULTI_avr25_tiny_stack_TRUE=''
HAS_MULTI_avr25_tiny_stack_double32_FALSE=''
HAS_MULTI_avr25_tiny_stack_double32_TRUE=''
HAS_MULTI_avr25_tiny_stack_double64_FALSE=''
HAS_MULTI_avr25_tiny_stack_double64_TRUE=''
HAS_MULTI_avr25_tiny_stack_long_double32_FALSE=''
HAS_MULTI_avr25_tiny_stack_long_double32_TRUE=''
HAS_MULTI_avr25_tiny_stack_long_double64_FALSE=''
HAS_MULTI_avr25_tiny_stack_long_double64_TRUE=''
HAS_MULTI_avr2_FALSE=''
HAS_MULTI_avr2_TRUE=''
HAS_MULTI_avr31_FALSE=''
HAS_MULTI_avr31_TRUE=''
HAS_MULTI_avr31_double32_FALSE=''
HAS_MULTI_avr31_double32_TRUE=''
HAS_MULTI_avr31_double64_FALSE=''
HAS_MULTI_avr31_double64_TRUE=''
HAS_MULTI_avr31_long_double32_FALSE=''
HAS_MULTI_avr31_long_double32_TRUE=''
HAS_MULTI_avr31_long_double64_FALSE=''
HAS_MULTI_avr31_long_double64_TRUE=''
HAS_MULTI_avr35_FALSE=''
HAS_MULTI_avr35_TRUE=''
HAS_MULTI_avr35_double32_FALSE=''
HAS_MULTI_avr35_double32_TRUE=''
HAS_MULTI_avr35_double64_FALSE=''
HAS_MULTI_avr35_double64_TRUE=''
HAS_MULTI_avr35_long_double32_FALSE=''
HAS_MULTI_avr35_long_double32_TRUE=''
HAS_MULTI_avr35_long_double64_FALSE=''
HAS_MULTI_avr35_long_double64_TRUE=''
HAS_MULTI_avr3_FALSE=''
HAS_MULTI_avr3_TRUE=''
HAS_MULTI_avr3_double32_FALSE=''
HAS_MULTI_avr3_double32_TRUE=''
HAS_MULTI_avr3_double64_FALSE=''
HAS_MULTI_avr3_double64_TRUE=''
HAS_MULTI_avr3_long_double32_FALSE=''
HAS_MULTI_avr3_long_double32_TRUE=''
HAS_MULTI_avr3_long_double64_FALSE=''
HAS_MULTI_avr3_long_double64_TRUE=''
HAS_MULTI_avr4_FALSE=''
HAS_MULTI_avr4_TRUE=''
HAS_MULTI_avr4_double32_FALSE=''
HAS_MULTI_avr4_double32_TRUE=''
HAS_MULTI_avr4_double64_FALSE=''
HAS_MULTI_avr4_double64_TRUE=''
HAS_MULTI_avr4_long_double32_FALSE=''
HAS_MULTI_avr4_long_double32_TRUE=''
HAS_MULTI_avr4_long_double64_FALSE=''
HAS_MULTI_avr4_long_double64_TRUE=''
HAS_MULTI_avr51_FALSE=''
HAS_MULTI_avr51_TRUE=''
HAS_MULTI_avr51_double32_FALSE=''
HAS_MULTI_avr51_double32_TRUE=''
HAS_MULTI_avr51_double64_FALSE=''
HAS_MULTI_avr51_double64_TRUE=''
HAS_MULTI_avr51_long_double32_FALSE=''
HAS_MULTI_avr51_long_double32_TRUE=''
HAS_MULTI_avr51_long_double64_FALSE=''
HAS_MULTI_avr51_long_double64_TRUE=''
HAS_MULTI_avr5_FALSE=''
HAS_MULTI_avr5_TRUE=''
HAS_MULTI_avr5_double32_FALSE=''
HAS_MULTI_avr5_double32_TRUE=''
HAS_MULTI_avr5_double64_FALSE=''
HAS_MULTI_avr5_double64_TRUE=''
HAS_MULTI_avr5_long_double32_FALSE=''
HAS_MULTI_avr5_long_double32_TRUE=''
HAS_MULTI_avr5_long_double64_FALSE=''
HAS_MULTI_avr5_long_double64_TRUE=''
HAS_MULTI_avr6_FALSE=''
HAS_MULTI_avr6_TRUE=''
HAS_MULTI_avr6_double32_FALSE=''
HAS_MULTI_avr6_double32_TRUE=''
HAS_MULTI_avr6_double64_FALSE=''
HAS_MULTI_avr6_double64_TRUE=''
HAS_MULTI_avr6_long_double32_FALSE=''
HAS_MULTI_avr6_long_double32_TRUE=''
HAS_MULTI_avr6_long_double64_FALSE=''
HAS_MULTI_avr6_long_double64_TRUE=''
HAS_MULTI_avrtiny_FALSE=''
HAS_MULTI_avrtiny_TRUE=''
HAS_MULTI_avrtiny_double32_FALSE=''
HAS_MULTI_avrtiny_double32_TRUE=''
HAS_MULTI_avrtiny_double64_FALSE=''
HAS_MULTI_avrtiny_double64_TRUE=''
HAS_MULTI_avrtiny_long_double32_FALSE=''
HAS_MULTI_avrtiny_long_double32_TRUE=''
HAS_MULTI_avrtiny_long_double64_FALSE=''
HAS_MULTI_avrtiny_long_double64_TRUE=''
HAS_MULTI_avrxmega2_FALSE=''
HAS_MULTI_avrxmega2_TRUE=''
HAS_MULTI_avrxmega2_double32_FALSE=''
HAS_MULTI_avrxmega2_double32_TRUE=''
HAS_MULTI_avrxmega2_double64_FALSE=''
HAS_MULTI_avrxmega2_double64_TRUE=''
HAS_MULTI_avrxmega2_long_double32_FALSE=''
HAS_MULTI_avrxmega2_long_double32_TRUE=''
HAS_MULTI_avrxmega2_long_double64_FALSE=''
HAS_MULTI_avrxmega2_long_double64_TRUE=''
HAS_MULTI_avrxmega3_FALSE=''
HAS_MULTI_avrxmega3_TRUE=''
HAS_MULTI_avrxmega3_double32_FALSE=''
HAS_MULTI_avrxmega3_double32_TRUE=''
HAS_MULTI_avrxmega3_double64_FALSE=''
HAS_MULTI_avrxmega3_double64_TRUE=''
HAS_MULTI_avrxmega3_long_double32_FALSE=''
HAS_MULTI_avrxmega3_long_double32_TRUE=''
HAS_MULTI_avrxmega3_long_double64_FALSE=''
HAS_MULTI_avrxmega3_long_double64_TRUE=''
HAS_MULTI_avrxmega3_short_calls_FALSE=''
HAS_MULTI_avrxmega3_short_calls_TRUE=''
HAS_MULTI_avrxmega3_short_calls_double32_FALSE=''
HAS_MULTI_avrxmega3_short_calls_double32_TRUE=''
HAS_MULTI_avrxmega3_short_calls_double64_FALSE=''
HAS_MULTI_avrxmega3_short_calls_double64_TRUE=''
HAS_MULTI_avrxmega3_short_calls_long_double32_FALSE=''
HAS_MULTI_avrxmega3_short_calls_long_double32_TRUE=''
HAS_MULTI_avrxmega3_short_calls_long_double64_FALSE=''
HAS_MULTI_avrxmega3_short_calls_long_double64_TRUE=''
HAS_MULTI_avrxmega4_FALSE=''
HAS_MULTI_avrxmega4_TRUE=''
HAS_MULTI_avrxmega4_double32_FALSE=''
HAS_MULTI_avrxmega4_double32_TRUE=''
HAS_MULTI_avrxmega4_double64_FALSE=''
HAS_MULTI_avrxmega4_double64_TRUE=''
HAS_MULTI_avrxmega4_long_double32_FALSE=''
HAS_MULTI_avrxmega4_long_double32_TRUE=''
HAS_MULTI_avrxmega4_long_double64_FALSE=''
HAS_MULTI_avrxmega4_long_double64_TRUE=''
HAS_MULTI_avrxmega5_FALSE=''
HAS_MULTI_avrxmega5_TRUE=''
HAS_MULTI_avrxmega5_double32_FALSE=''
HAS_MULTI_avrxmega5_double32_TRUE=''
HAS_MULTI_avrxmega5_double64_FALSE=''
HAS_MULTI_avrxmega5_double64_TRUE=''
HAS_MULTI_avrxmega5_long_double32_FALSE=''
HAS_MULTI_avrxmega5_long_double32_TRUE=''
HAS_MULTI_avrxmega5_long_double64_FALSE=''
HAS_MULTI_avrxmega5_long_double64_TRUE=''
HAS_MULTI_avrxmega6_FALSE=''
HAS_MULTI_avrxmega6_TRUE=''
HAS_MULTI_avrxmega6_double32_FALSE=''
HAS_MULTI_avrxmega6_double32_TRUE=''
HAS_MULTI_avrxmega6_double64_FALSE=''
HAS_MULTI_avrxmega6_double64_TRUE=''
HAS_MULTI_avrxmega6_long_double32_FALSE=''
HAS_MULTI_avrxmega6_long_double32_TRUE=''
HAS_MULTI_avrxmega6_long_double64_FALSE=''
HAS_MULTI_avrxmega6_long_double64_TRUE=''
HAS_MULTI_avrxmega7_FALSE=''
HAS_MULTI_avrxmega7_TRUE=''
HAS_MULTI_avrxmega7_double32_FALSE=''
HAS_MULTI_avrxmega7_double32_TRUE=''
HAS_MULTI_avrxmega7_double64_FALSE=''
HAS_MULTI_avrxmega7_double64_TRUE=''
HAS_MULTI_avrxmega7_long_double32_FALSE=''
HAS_MULTI_avrxmega7_long_double32_TRUE=''
HAS_MULTI_avrxmega7_long_double64_FALSE=''
HAS_MULTI_avrxmega7_long_double64_TRUE=''
HAS_MULTI_double32_FALSE=''
HAS_MULTI_double32_TRUE=''
HAS_MULTI_double64_FALSE=''
HAS_MULTI_double64_TRUE=''
HAS_MULTI_long_double32_FALSE=''
HAS_MULTI_long_double32_TRUE=''
HAS_MULTI_long_double64_FALSE=''
HAS_MULTI_long_double64_TRUE=''
HAS_MULTI_tiny_stack_FALSE=''
HAS_MULTI_tiny_stack_TRUE=''
HAS_MULTI_tiny_stack_double32_FALSE=''
HAS_MULTI_tiny_stack_double32_TRUE=''
HAS_MULTI_tiny_stack_double64_FALSE=''
HAS_MULTI_tiny_stack_double64_TRUE=''
HAS_MULTI_tiny_stack_long_double32_FALSE=''
HAS_MULTI_tiny_stack_long_double32_TRUE=''
HAS_MULTI_tiny_stack_long_double64_FALSE=''
HAS_MULTI_tiny_stack_long_double64_TRUE=''
HAS_at43usb320_FALSE=''
HAS_at43usb320_TRUE=''
HAS_at43usb355_FALSE=''
HAS_at43usb355_TRUE=''
HAS_at76c711_FALSE=''
HAS_at76c711_TRUE=''
HAS_at86rf401_FALSE=''
HAS_at86rf401_TRUE=''
HAS_at90c8534_FALSE=''
HAS_at90c8534_TRUE=''
HAS_at90can128_FALSE=''
HAS_at90can128_TRUE=''
HAS_at90can32_FALSE=''
HAS_at90can32_TRUE=''
HAS_at90can64_FALSE=''
HAS_at90can64_TRUE=''
HAS_at90pwm161_FALSE=''
HAS_at90pwm161_TRUE=''
HAS_at90pwm1_FALSE=''
HAS_at90pwm1_TRUE=''
HAS_at90pwm216_FALSE=''
HAS_at90pwm216_TRUE=''
HAS_at90pwm2_FALSE=''
HAS_at90pwm2_TRUE=''
HAS_at90pwm2b_FALSE=''
HAS_at90pwm2b_TRUE=''
HAS_at90pwm316_FALSE=''
HAS_at90pwm316_TRUE=''
HAS_at90pwm3_FALSE=''
HAS_at90pwm3_TRUE=''
HAS_at90pwm3b_FALSE=''
HAS_at90pwm3b_TRUE=''
HAS_at90pwm81_FALSE=''
HAS_at90pwm81_TRUE=''
HAS_at90s1200_FALSE=''
HAS_at90s1200_TRUE=''
HAS_at90s2313_FALSE=''
HAS_at90s2313_TRUE=''
HAS_at90s2323_FALSE=''
HAS_at90s2323_TRUE=''
HAS_at90s2333_FALSE=''
HAS_at90s2333_TRUE=''
HAS_at90s2343_FALSE=''
HAS_at90s2343_TRUE=''
HAS_at90s4414_FALSE=''
HAS_at90s4414_TRUE=''
HAS_at90s4433_FALSE=''
HAS_at90s4433_TRUE=''
HAS_at90s4434_FALSE=''
HAS_at90s4434_TRUE=''
HAS_at90s8515_FALSE=''
HAS_at90s8515_TRUE=''
HAS_at90s8535_FALSE=''
HAS_at90s8535_TRUE=''
HAS_at90scr100_FALSE=''
HAS_at90scr100_TRUE=''
HAS_at90usb1286_FALSE=''
HAS_at90usb1286_TRUE=''
HAS_at90usb1287_FALSE=''
HAS_at90usb1287_TRUE=''
HAS_at90usb162_FALSE=''
HAS_at90usb162_TRUE=''
HAS_at90usb646_FALSE=''
HAS_at90usb646_TRUE=''
HAS_at90usb647_FALSE=''
HAS_at90usb647_TRUE=''
HAS_at90usb82_FALSE=''
HAS_at90usb82_TRUE=''
HAS_at94k_FALSE=''
HAS_at94k_TRUE=''
HAS_ata5272_FALSE=''
HAS_ata5272_TRUE=''
HAS_ata5505_FALSE=''
HAS_ata5505_TRUE=''
HAS_ata5702m322_FALSE=''
HAS_ata5702m322_TRUE=''
HAS_ata5782_FALSE=''
HAS_ata5782_TRUE=''
HAS_ata5790_FALSE=''
HAS_ata5790_TRUE=''
HAS_ata5790n_FALSE=''
HAS_ata5790n_TRUE=''
HAS_ata5795_FALSE=''
HAS_ata5795_TRUE=''
HAS_ata5831_FALSE=''
HAS_ata5831_TRUE=''
HAS_ata6285_FALSE=''
HAS_ata6285_TRUE=''
HAS_ata6286_FALSE=''
HAS_ata6286_TRUE=''
HAS_ata6289_FALSE=''
HAS_ata6289_TRUE=''
HAS_ata6612c_FALSE=''
HAS_ata6612c_TRUE=''
HAS_ata6613c_FALSE=''
HAS_ata6613c_TRUE=''
HAS_ata6614q_FALSE=''
HAS_ata6614q_TRUE=''
HAS_ata6616c_FALSE=''
HAS_ata6616c_TRUE=''
HAS_ata6617c_FALSE=''
HAS_ata6617c_TRUE=''
HAS_ata664251_FALSE=''
HAS_ata664251_TRUE=''
HAS_atmega103_FALSE=''
HAS_atmega103_TRUE=''
HAS_atmega1280_FALSE=''
HAS_atmega1280_TRUE=''
HAS_atmega1281_FALSE=''
HAS_atmega1281_TRUE=''
HAS_atmega1284_FALSE=''
HAS_atmega1284_TRUE=''
HAS_atmega1284p_FALSE=''
HAS_atmega1284p_TRUE=''
HAS_atmega1284rfr2_FALSE=''
HAS_atmega1284rfr2_TRUE=''
HAS_atmega128_FALSE=''
HAS_atmega128_TRUE=''
HAS_atmega128a_FALSE=''
HAS_atmega128a_TRUE=''
HAS_atmega128rfa1_FALSE=''
HAS_atmega128rfa1_TRUE=''
HAS_atmega128rfr2_FALSE=''
HAS_atmega128rfr2_TRUE=''
HAS_atmega1608_FALSE=''
HAS_atmega1608_TRUE=''
HAS_atmega1609_FALSE=''
HAS_atmega1609_TRUE=''
HAS_atmega161_FALSE=''
HAS_atmega161_TRUE=''
HAS_atmega162_FALSE=''
HAS_atmega162_TRUE=''
HAS_atmega163_FALSE=''
HAS_atmega163_TRUE=''
HAS_atmega164a_FALSE=''
HAS_atmega164a_TRUE=''
HAS_atmega164p_FALSE=''
HAS_atmega164p_TRUE=''
HAS_atmega164pa_FALSE=''
HAS_atmega164pa_TRUE=''
HAS_atmega165_FALSE=''
HAS_atmega165_TRUE=''
HAS_atmega165a_FALSE=''
HAS_atmega165a_TRUE=''
HAS_atmega165p_FALSE=''
HAS_atmega165p_TRUE=''
HAS_atmega165pa_FALSE=''
HAS_atmega165pa_TRUE=''
HAS_atmega168_FALSE=''
HAS_atmega168_TRUE=''
HAS_atmega168a_FALSE=''
HAS_atmega168a_TRUE=''
HAS_atmega168p_FALSE=''
HAS_atmega168p_TRUE=''
HAS_atmega168pa_FALSE=''
HAS_atmega168pa_TRUE=''
HAS_atmega169_FALSE=''
HAS_atmega169_TRUE=''
HAS_atmega169a_FALSE=''
HAS_atmega169a_TRUE=''
HAS_atmega169p_FALSE=''
HAS_atmega169p_TRUE=''
HAS_atmega169pa_FALSE=''
HAS_atmega169pa_TRUE=''
HAS_atmega16_FALSE=''
HAS_atmega16_TRUE=''
HAS_atmega16a_FALSE=''
HAS_atmega16a_TRUE=''
HAS_atmega16hva2_FALSE=''
HAS_atmega16hva2_TRUE=''
HAS_atmega16hva_FALSE=''
HAS_atmega16hva_TRUE=''
HAS_atmega16hvb_FALSE=''
HAS_atmega16hvb_TRUE=''
HAS_atmega16hvbrevb_FALSE=''
HAS_atmega16hvbrevb_TRUE=''
HAS_atmega16m1_FALSE=''
HAS_atmega16m1_TRUE=''
HAS_atmega16u2_FALSE=''
HAS_atmega16u2_TRUE=''
HAS_atmega16u4_FALSE=''
HAS_atmega16u4_TRUE=''
HAS_atmega2560_FALSE=''
HAS_atmega2560_TRUE=''
HAS_atmega2561_FALSE=''
HAS_atmega2561_TRUE=''
HAS_atmega2564rfr2_FALSE=''
HAS_atmega2564rfr2_TRUE=''
HAS_atmega256rfr2_FALSE=''
HAS_atmega256rfr2_TRUE=''
HAS_atmega3208_FALSE=''
HAS_atmega3208_TRUE=''
HAS_atmega3209_FALSE=''
HAS_atmega3209_TRUE=''
HAS_atmega323_FALSE=''
HAS_atmega323_TRUE=''
HAS_atmega324a_FALSE=''
HAS_atmega324a_TRUE=''
HAS_atmega324p_FALSE=''
HAS_atmega324p_TRUE=''
HAS_atmega324pa_FALSE=''
HAS_atmega324pa_TRUE=''
HAS_atmega3250_FALSE=''
HAS_atmega3250_TRUE=''
HAS_atmega3250a_FALSE=''
HAS_atmega3250a_TRUE=''
HAS_atmega3250p_FALSE=''
HAS_atmega3250p_TRUE=''
HAS_atmega3250pa_FALSE=''
HAS_atmega3250pa_TRUE=''
HAS_atmega325_FALSE=''
HAS_atmega325_TRUE=''
HAS_atmega325a_FALSE=''
HAS_atmega325a_TRUE=''
HAS_atmega325p_FALSE=''
HAS_atmega325p_TRUE=''
HAS_atmega325pa_FALSE=''
HAS_atmega325pa_TRUE=''
HAS_atmega328_FALSE=''
HAS_atmega328_TRUE=''
HAS_atmega328p_FALSE=''
HAS_atmega328p_TRUE=''
HAS_atmega3290_FALSE=''
HAS_atmega3290_TRUE=''
HAS_atmega3290a_FALSE=''
HAS_atmega3290a_TRUE=''
HAS_atmega3290p_FALSE=''
HAS_atmega3290p_TRUE=''
HAS_atmega3290pa_FALSE=''
HAS_atmega3290pa_TRUE=''
HAS_atmega329_FALSE=''
HAS_atmega329_TRUE=''
HAS_atmega329a_FALSE=''
HAS_atmega329a_TRUE=''
HAS_atmega329p_FALSE=''
HAS_atmega329p_TRUE=''
HAS_atmega329pa_FALSE=''
HAS_atmega329pa_TRUE=''
HAS_atmega32_FALSE=''
HAS_atmega32_TRUE=''
HAS_atmega32a_FALSE=''
HAS_atmega32a_TRUE=''
HAS_atmega32c1_FALSE=''
HAS_atmega32c1_TRUE=''
HAS_atmega32hvb_FALSE=''
HAS_atmega32hvb_TRUE=''
HAS_atmega32hvbrevb_FALSE=''
HAS_atmega32hvbrevb_TRUE=''
HAS_atmega32m1_FALSE=''
HAS_atmega32m1_TRUE=''
HAS_atmega32u2_FALSE=''
HAS_atmega32u2_TRUE=''
HAS_atmega32u4_FALSE=''
HAS_atmega32u4_TRUE=''
HAS_atmega32u6_FALSE=''
HAS_atmega32u6_TRUE=''
HAS_atmega406_FALSE=''
HAS_atmega406_TRUE=''
HAS_atmega4808_FALSE=''
HAS_atmega4808_TRUE=''
HAS_atmega4809_FALSE=''
HAS_atmega4809_TRUE=''
HAS_atmega48_FALSE=''
HAS_atmega48_TRUE=''
HAS_atmega48a_FALSE=''
HAS_atmega48a_TRUE=''
HAS_atmega48p_FALSE=''
HAS_atmega48p_TRUE=''
HAS_atmega48pa_FALSE=''
HAS_atmega48pa_TRUE=''
HAS_atmega48pb_FALSE=''
HAS_atmega48pb_TRUE=''
HAS_atmega640_FALSE=''
HAS_atmega640_TRUE=''
HAS_atmega644_FALSE=''
HAS_atmega644_TRUE=''
HAS_atmega644a_FALSE=''
HAS_atmega644a_TRUE=''
HAS_atmega644p_FALSE=''
HAS_atmega644p_TRUE=''
HAS_atmega644pa_FALSE=''
HAS_atmega644pa_TRUE=''
HAS_atmega644rfr2_FALSE=''
HAS_atmega644rfr2_TRUE=''
HAS_atmega6450_FALSE=''
HAS_atmega6450_TRUE=''
HAS_atmega6450a_FALSE=''
HAS_atmega6450a_TRUE=''
HAS_atmega6450p_FALSE=''
HAS_atmega6450p_TRUE=''
HAS_atmega645_FALSE=''
HAS_atmega645_TRUE=''
HAS_atmega645a_FALSE=''
HAS_atmega645a_TRUE=''
HAS_atmega645p_FALSE=''
HAS_atmega645p_TRUE=''
HAS_atmega6490_FALSE=''
HAS_atmega6490_TRUE=''
HAS_atmega6490a_FALSE=''
HAS_atmega6490a_TRUE=''
HAS_atmega6490p_FALSE=''
HAS_atmega6490p_TRUE=''
HAS_atmega649_FALSE=''
HAS_atmega649_TRUE=''
HAS_atmega649a_FALSE=''
HAS_atmega649a_TRUE=''
HAS_atmega649p_FALSE=''
HAS_atmega649p_TRUE=''
HAS_atmega64_FALSE=''
HAS_atmega64_TRUE=''
HAS_atmega64a_FALSE=''
HAS_atmega64a_TRUE=''
HAS_atmega64c1_FALSE=''
HAS_atmega64c1_TRUE=''
HAS_atmega64hve2_FALSE=''
HAS_atmega64hve2_TRUE=''
HAS_atmega64hve_FALSE=''
HAS_atmega64hve_TRUE=''
HAS_atmega64m1_FALSE=''
HAS_atmega64m1_TRUE=''
HAS_atmega64rfr2_FALSE=''
HAS_atmega64rfr2_TRUE=''
HAS_atmega808_FALSE=''
HAS_atmega808_TRUE=''
HAS_atmega809_FALSE=''
HAS_atmega809_TRUE=''
HAS_atmega8515_FALSE=''
HAS_atmega8515_TRUE=''
HAS_atmega8535_FALSE=''
HAS_atmega8535_TRUE=''
HAS_atmega88_FALSE=''
HAS_atmega88_TRUE=''
HAS_atmega88a_FALSE=''
HAS_atmega88a_TRUE=''
HAS_atmega88p_FALSE=''
HAS_atmega88p_TRUE=''
HAS_atmega88pa_FALSE=''
HAS_atmega88pa_TRUE=''
HAS_atmega88pb_FALSE=''
HAS_atmega88pb_TRUE=''
HAS_atmega8_FALSE=''
HAS_atmega8_TRUE=''
HAS_atmega8a_FALSE=''
HAS_atmega8a_TRUE=''
HAS_atmega8hva_FALSE=''
HAS_atmega8hva_TRUE=''
HAS_atmega8u2_FALSE=''
HAS_atmega8u2_TRUE=''
HAS_attiny10_FALSE=''
HAS_attiny10_TRUE=''
HAS_attiny11_FALSE=''
HAS_attiny11_TRUE=''
HAS_attiny12_FALSE=''
HAS_attiny12_TRUE=''
HAS_attiny13_FALSE=''
HAS_attiny13_TRUE=''
HAS_attiny13a_FALSE=''
HAS_attiny13a_TRUE=''
HAS_attiny15_FALSE=''
HAS_attiny15_TRUE=''
HAS_attiny1604_FALSE=''
HAS_attiny1604_TRUE=''
HAS_attiny1606_FALSE=''
HAS_attiny1606_TRUE=''
HAS_attiny1607_FALSE=''
HAS_attiny1607_TRUE=''
HAS_attiny1608_FALSE=''
HAS_attiny1608_TRUE=''
HAS_attiny1609_FALSE=''
HAS_attiny1609_TRUE=''
HAS_attiny1614_FALSE=''
HAS_attiny1614_TRUE=''
HAS_attiny1616_FALSE=''
HAS_attiny1616_TRUE=''
HAS_attiny1617_FALSE=''
HAS_attiny1617_TRUE=''
HAS_attiny1624_FALSE=''
HAS_attiny1624_TRUE=''
HAS_attiny1626_FALSE=''
HAS_attiny1626_TRUE=''
HAS_attiny1627_FALSE=''
HAS_attiny1627_TRUE=''
HAS_attiny1634_FALSE=''
HAS_attiny1634_TRUE=''
HAS_attiny167_FALSE=''
HAS_attiny167_TRUE=''
HAS_attiny202_FALSE=''
HAS_attiny202_TRUE=''
HAS_attiny204_FALSE=''
HAS_attiny204_TRUE=''
HAS_attiny20_FALSE=''
HAS_attiny20_TRUE=''
HAS_attiny212_FALSE=''
HAS_attiny212_TRUE=''
HAS_attiny214_FALSE=''
HAS_attiny214_TRUE=''
HAS_attiny22_FALSE=''
HAS_attiny22_TRUE=''
HAS_attiny2313_FALSE=''
HAS_attiny2313_TRUE=''
HAS_attiny2313a_FALSE=''
HAS_attiny2313a_TRUE=''
HAS_attiny24_FALSE=''
HAS_attiny24_TRUE=''
HAS_attiny24a_FALSE=''
HAS_attiny24a_TRUE=''
HAS_attiny25_FALSE=''
HAS_attiny25_TRUE=''
HAS_attiny261_FALSE=''
HAS_attiny261_TRUE=''
HAS_attiny261a_FALSE=''
HAS_attiny261a_TRUE=''
HAS_attiny26_FALSE=''
HAS_attiny26_TRUE=''
HAS_attiny28_FALSE=''
HAS_attiny28_TRUE=''
HAS_attiny3208_FALSE=''
HAS_attiny3208_TRUE=''
HAS_attiny3209_FALSE=''
HAS_attiny3209_TRUE=''
HAS_attiny3214_FALSE=''
HAS_attiny3214_TRUE=''
HAS_attiny3216_FALSE=''
HAS_attiny3216_TRUE=''
HAS_attiny3217_FALSE=''
HAS_attiny3217_TRUE=''
HAS_attiny3224_FALSE=''
HAS_attiny3224_TRUE=''
HAS_attiny3226_FALSE=''
HAS_attiny3226_TRUE=''
HAS_attiny3227_FALSE=''
HAS_attiny3227_TRUE=''
HAS_attiny402_FALSE=''
HAS_attiny402_TRUE=''
HAS_attiny404_FALSE=''
HAS_attiny404_TRUE=''
HAS_attiny406_FALSE=''
HAS_attiny406_TRUE=''
HAS_attiny40_FALSE=''
HAS_attiny40_TRUE=''
HAS_attiny412_FALSE=''
HAS_attiny412_TRUE=''
HAS_attiny414_FALSE=''
HAS_attiny414_TRUE=''
HAS_attiny416_FALSE=''
HAS_attiny416_TRUE=''
HAS_attiny417_FALSE=''
HAS_attiny417_TRUE=''
HAS_attiny424_FALSE=''
HAS_attiny424_TRUE=''
HAS_attiny426_FALSE=''
HAS_attiny426_TRUE=''
HAS_attiny427_FALSE=''
HAS_attiny427_TRUE=''
HAS_attiny4313_FALSE=''
HAS_attiny4313_TRUE=''
HAS_attiny43u_FALSE=''
HAS_attiny43u_TRUE=''
HAS_attiny441_FALSE=''
HAS_attiny441_TRUE=''
HAS_attiny44_FALSE=''
HAS_attiny44_TRUE=''
HAS_attiny44a_FALSE=''
HAS_attiny44a_TRUE=''
HAS_attiny45_FALSE=''
HAS_attiny45_TRUE=''
HAS_attiny461_FALSE=''
HAS_attiny461_TRUE=''
HAS_attiny461a_FALSE=''
HAS_attiny461a_TRUE=''
HAS_attiny4808_FALSE=''
HAS_attiny4808_TRUE=''
HAS_attiny4809_FALSE=''
HAS_attiny4809_TRUE=''
HAS_attiny48_FALSE=''
HAS_attiny48_TRUE=''
HAS_attiny4_FALSE=''
HAS_attiny4_TRUE=''
HAS_attiny5_FALSE=''
HAS_attiny5_TRUE=''
HAS_attiny804_FALSE=''
HAS_attiny804_TRUE=''
HAS_attiny806_FALSE=''
HAS_attiny806_TRUE=''
HAS_attiny807_FALSE=''
HAS_attiny807_TRUE=''
HAS_attiny814_FALSE=''
HAS_attiny814_TRUE=''
HAS_attiny816_FALSE=''
HAS_attiny816_TRUE=''
HAS_attiny817_FALSE=''
HAS_attiny817_TRUE=''
HAS_attiny824_FALSE=''
HAS_attiny824_TRUE=''
HAS_attiny826_FALSE=''
HAS_attiny826_TRUE=''
HAS_attiny827_FALSE=''
HAS_attiny827_TRUE=''
HAS_attiny828_FALSE=''
HAS_attiny828_TRUE=''
HAS_attiny841_FALSE=''
HAS_attiny841_TRUE=''
HAS_attiny84_FALSE=''
HAS_attiny84_TRUE=''
HAS_attiny84a_FALSE=''
HAS_attiny84a_TRUE=''
HAS_attiny85_FALSE=''
HAS_attiny85_TRUE=''
HAS_attiny861_FALSE=''
HAS_attiny861_TRUE=''
HAS_attiny861a_FALSE=''
HAS_attiny861a_TRUE=''
HAS_attiny87_FALSE=''
HAS_attiny87_TRUE=''
HAS_attiny88_FALSE=''
HAS_attiny88_TRUE=''
HAS_attiny9_FALSE=''
HAS_attiny9_TRUE=''
HAS_atxmega128a1_FALSE=''
HAS_atxmega128a1_TRUE=''
HAS_atxmega128a1u_FALSE=''
HAS_atxmega128a1u_TRUE=''
HAS_atxmega128a3_FALSE=''
HAS_atxmega128a3_TRUE=''
HAS_atxmega128a3u_FALSE=''
HAS_atxmega128a3u_TRUE=''
HAS_atxmega128a4u_FALSE=''
HAS_atxmega128a4u_TRUE=''
HAS_atxmega128b1_FALSE=''
HAS_atxmega128b1_TRUE=''
HAS_atxmega128b3_FALSE=''
HAS_atxmega128b3_TRUE=''
HAS_atxmega128c3_FALSE=''
HAS_atxmega128c3_TRUE=''
HAS_atxmega128d3_FALSE=''
HAS_atxmega128d3_TRUE=''
HAS_atxmega128d4_FALSE=''
HAS_atxmega128d4_TRUE=''
HAS_atxmega16a4_FALSE=''
HAS_atxmega16a4_TRUE=''
HAS_atxmega16a4u_FALSE=''
HAS_atxmega16a4u_TRUE=''
HAS_atxmega16c4_FALSE=''
HAS_atxmega16c4_TRUE=''
HAS_atxmega16d4_FALSE=''
HAS_atxmega16d4_TRUE=''
HAS_atxmega192a3_FALSE=''
HAS_atxmega192a3_TRUE=''
HAS_atxmega192a3u_FALSE=''
HAS_atxmega192a3u_TRUE=''
HAS_atxmega192c3_FALSE=''
HAS_atxmega192c3_TRUE=''
HAS_atxmega192d3_FALSE=''
HAS_atxmega192d3_TRUE=''
HAS_atxmega256a3_FALSE=''
HAS_atxmega256a3_TRUE=''
HAS_atxmega256a3b_FALSE=''
HAS_atxmega256a3b_TRUE=''
HAS_atxmega256a3bu_FALSE=''
HAS_atxmega256a3bu_TRUE=''
HAS_atxmega256a3u_FALSE=''
HAS_atxmega256a3u_TRUE=''
HAS_atxmega256c3_FALSE=''
HAS_atxmega256c3_TRUE=''
HAS_atxmega256d3_FALSE=''
HAS_atxmega256d3_TRUE=''
HAS_atxmega32a4_FALSE=''
HAS_atxmega32a4_TRUE=''
HAS_atxmega32a4u_FALSE=''
HAS_atxmega32a4u_TRUE=''
HAS_atxmega32c3_FALSE=''
HAS_atxmega32c3_TRUE=''
HAS_atxmega32c4_FALSE=''
HAS_atxmega32c4_TRUE=''
HAS_atxmega32d3_FALSE=''
HAS_atxmega32d3_TRUE=''
HAS_atxmega32d4_FALSE=''
HAS_atxmega32d4_TRUE=''
HAS_atxmega32e5_FALSE=''
HAS_atxmega32e5_TRUE=''
HAS_atxmega384c3_FALSE=''
HAS_atxmega384c3_TRUE=''
HAS_atxmega384d3_FALSE=''
HAS_atxmega384d3_TRUE=''
HAS_atxmega64a1_FALSE=''
HAS_atxmega64a1_TRUE=''
HAS_atxmega64a1u_FALSE=''
HAS_atxmega64a1u_TRUE=''
HAS_atxmega64a3_FALSE=''
HAS_atxmega64a3_TRUE=''
HAS_atxmega64a3u_FALSE=''
HAS_atxmega64a3u_TRUE=''
HAS_atxmega64a4u_FALSE=''
HAS_atxmega64a4u_TRUE=''
HAS_atxmega64b1_FALSE=''
HAS_atxmega64b1_TRUE=''
HAS_atxmega64b3_FALSE=''
HAS_atxmega64b3_TRUE=''
HAS_atxmega64c3_FALSE=''
HAS_atxmega64c3_TRUE=''
HAS_atxmega64d3_FALSE=''
HAS_atxmega64d3_TRUE=''
HAS_atxmega64d4_FALSE=''
HAS_atxmega64d4_TRUE=''
HAS_atxmega8e5_FALSE=''
HAS_atxmega8e5_TRUE=''
HAS_avr128da28_FALSE=''
HAS_avr128da28_TRUE=''
HAS_avr128da32_FALSE=''
HAS_avr128da32_TRUE=''
HAS_avr128da48_FALSE=''
HAS_avr128da48_TRUE=''
HAS_avr128da64_FALSE=''
HAS_avr128da64_TRUE=''
HAS_avr128db28_FALSE=''
HAS_avr128db28_TRUE=''
HAS_avr128db32_FALSE=''
HAS_avr128db32_TRUE=''
HAS_avr128db48_FALSE=''
HAS_avr128db48_TRUE=''
HAS_avr128db64_FALSE=''
HAS_avr128db64_TRUE=''
HAS_avr16dd14_FALSE=''
HAS_avr16dd14_TRUE=''
HAS_avr16dd20_FALSE=''
HAS_avr16dd20_TRUE=''
HAS_avr16dd28_FALSE=''
HAS_avr16dd28_TRUE=''
HAS_avr16dd32_FALSE=''
HAS_avr16dd32_TRUE=''
HAS_avr1_FALSE=''
HAS_avr1_TRUE=''
HAS_avr32da28_FALSE=''
HAS_avr32da28_TRUE=''
HAS_avr32da32_FALSE=''
HAS_avr32da32_TRUE=''
HAS_avr32da48_FALSE=''
HAS_avr32da48_TRUE=''
HAS_avr32db28_FALSE=''
HAS_avr32db28_TRUE=''
HAS_avr32db32_FALSE=''
HAS_avr32db32_TRUE=''
HAS_avr32db48_FALSE=''
HAS_avr32db48_TRUE=''
HAS_avr32dd14_FALSE=''
HAS_avr32dd14_TRUE=''
HAS_avr32dd20_FALSE=''
HAS_avr32dd20_TRUE=''
HAS_avr32dd28_FALSE=''
HAS_avr32dd28_TRUE=''
HAS_avr32dd32_FALSE=''
HAS_avr32dd32_TRUE=''
HAS_avr64da28_FALSE=''
HAS_avr64da28_TRUE=''
HAS_avr64da32_FALSE=''
HAS_avr64da32_TRUE=''
HAS_avr64da48_FALSE=''
HAS_avr64da48_TRUE=''
HAS_avr64da64_FALSE=''
HAS_avr64da64_TRUE=''
HAS_avr64db28_FALSE=''
HAS_avr64db28_TRUE=''
HAS_avr64db32_FALSE=''
HAS_avr64db32_TRUE=''
HAS_avr64db48_FALSE=''
HAS_avr64db48_TRUE=''
HAS_avr64db64_FALSE=''
HAS_avr64db64_TRUE=''
HAS_avr64dd14_FALSE=''
HAS_avr64dd14_TRUE=''
HAS_avr64dd20_FALSE=''
HAS_avr64dd20_TRUE=''
HAS_avr64dd28_FALSE=''
HAS_avr64dd28_TRUE=''
HAS_avr64dd32_FALSE=''
HAS_avr64dd32_TRUE=''
HAS_m3000_FALSE=''
HAS_m3000_TRUE=''
HAS_unknown_FALSE=''
HAS_unknown_TRUE=''
INSTALL_DATA='${INSTALL} -m 644'
INSTALL_DOX_HTML=''
INSTALL_DOX_MAN=''
INSTALL_DOX_PDF=''
INSTALL_PROGRAM='${INSTALL}'
INSTALL_SCRIPT='${INSTALL}'
INSTALL_STRIP_PROGRAM='$(install_sh) -c -s'
LDFLAGS=''
LIBOBJS=''
LIBS=''
LN_S=''
LTLIBOBJS=''
MAKEINFO='${SHELL} '\''/tools/bitbake-builds/poky-whinlatter/build/tmp/work/all-poky-linux/avr-libc/2.1.0+git/sources/avr-libc-2.1.0+git/missing'\'' makeinfo'
MKDIR_P='/tools/bitbake-builds/poky-whinlatter/build/tmp/hosttools/mkdir -p'
MULTIDIR_at43usb320=''
MULTIDIR_at43usb355=''
MULTIDIR_at76c711=''
MULTIDIR_at86rf401=''
MULTIDIR_at90c8534=''
MULTIDIR_at90can128=''
MULTIDIR_at90can32=''
MULTIDIR_at90can64=''
MULTIDIR_at90pwm161=''
MULTIDIR_at90pwm1=''
MULTIDIR_at90pwm216=''
MULTIDIR_at90pwm2=''
MULTIDIR_at90pwm2b=''
MULTIDIR_at90pwm316=''
MULTIDIR_at90pwm3=''
MULTIDIR_at90pwm3b=''
MULTIDIR_at90pwm81=''
MULTIDIR_at90s1200=''
MULTIDIR_at90s2313=''
MULTIDIR_at90s2323=''
MULTIDIR_at90s2333=''
MULTIDIR_at90s2343=''
MULTIDIR_at90s4414=''
MULTIDIR_at90s4433=''
MULTIDIR_at90s4434=''
MULTIDIR_at90s8515=''
MULTIDIR_at90s8535=''
MULTIDIR_at90scr100=''
MULTIDIR_at90usb1286=''
MULTIDIR_at90usb1287=''
MULTIDIR_at90usb162=''
MULTIDIR_at90usb646=''
MULTIDIR_at90usb647=''
MULTIDIR_at90usb82=''
MULTIDIR_at94k=''
MULTIDIR_ata5272=''
MULTIDIR_ata5505=''
MULTIDIR_ata5702m322=''
MULTIDIR_ata5782=''
MULTIDIR_ata5790=''
MULTIDIR_ata5790n=''
MULTIDIR_ata5795=''
MULTIDIR_ata5831=''
MULTIDIR_ata6285=''
MULTIDIR_ata6286=''
MULTIDIR_ata6289=''
MULTIDIR_ata6612c=''
MULTIDIR_ata6613c=''
MULTIDIR_ata6614q=''
MULTIDIR_ata6616c=''
MULTIDIR_ata6617c=''
MULTIDIR_ata664251=''
MULTIDIR_atmega103=''
MULTIDIR_atmega1280=''
MULTIDIR_atmega1281=''
MULTIDIR_atmega1284=''
MULTIDIR_atmega1284p=''
MULTIDIR_atmega1284rfr2=''
MULTIDIR_atmega128=''
MULTIDIR_atmega128a=''
MULTIDIR_atmega128rfa1=''
MULTIDIR_atmega128rfr2=''
MULTIDIR_atmega1608=''
MULTIDIR_atmega1609=''
MULTIDIR_atmega161=''
MULTIDIR_atmega162=''
MULTIDIR_atmega163=''
MULTIDIR_atmega164a=''
MULTIDIR_atmega164p=''
MULTIDIR_atmega164pa=''
MULTIDIR_atmega165=''
MULTIDIR_atmega165a=''
MULTIDIR_atmega165p=''
MULTIDIR_atmega165pa=''
MULTIDIR_atmega168=''
MULTIDIR_atmega168a=''
MULTIDIR_atmega168p=''
MULTIDIR_atmega168pa=''
MULTIDIR_atmega169=''
MULTIDIR_atmega169a=''
MULTIDIR_atmega169p=''
MULTIDIR_atmega169pa=''
MULTIDIR_atmega16=''
MULTIDIR_atmega16a=''
MULTIDIR_atmega16hva2=''
MULTIDIR_atmega16hva=''
MULTIDIR_atmega16hvb=''
MULTIDIR_atmega16hvbrevb=''
MULTIDIR_atmega16m1=''
MULTIDIR_atmega16u2=''
MULTIDIR_atmega16u4=''
MULTIDIR_atmega2560=''
MULTIDIR_atmega2561=''
MULTIDIR_atmega2564rfr2=''
MULTIDIR_atmega256rfr2=''
MULTIDIR_atmega3208=''
MULTIDIR_atmega3209=''
MULTIDIR_atmega323=''
MULTIDIR_atmega324a=''
MULTIDIR_atmega324p=''
MULTIDIR_atmega324pa=''
MULTIDIR_atmega3250=''
MULTIDIR_atmega3250a=''
MULTIDIR_atmega3250p=''
MULTIDIR_atmega3250pa=''
MULTIDIR_atmega325=''
MULTIDIR_atmega325a=''
MULTIDIR_atmega325p=''
MULTIDIR_atmega325pa=''
MULTIDIR_atmega328=''
MULTIDIR_atmega328p=''
MULTIDIR_atmega3290=''
MULTIDIR_atmega3290a=''
MULTIDIR_atmega3290p=''
MULTIDIR_atmega3290pa=''
MULTIDIR_atmega329=''
MULTIDIR_atmega329a=''
MULTIDIR_atmega329p=''
MULTIDIR_atmega329pa=''
MULTIDIR_atmega32=''
MULTIDIR_atmega32a=''
MULTIDIR_atmega32c1=''
MULTIDIR_atmega32hvb=''
MULTIDIR_atmega32hvbrevb=''
MULTIDIR_atmega32m1=''
MULTIDIR_atmega32u2=''
MULTIDIR_atmega32u4=''
MULTIDIR_atmega32u6=''
MULTIDIR_atmega406=''
MULTIDIR_atmega4808=''
MULTIDIR_atmega4809=''
MULTIDIR_atmega48=''
MULTIDIR_atmega48a=''
MULTIDIR_atmega48p=''
MULTIDIR_atmega48pa=''
MULTIDIR_atmega48pb=''
MULTIDIR_atmega640=''
MULTIDIR_atmega644=''
MULTIDIR_atmega644a=''
MULTIDIR_atmega644p=''
MULTIDIR_atmega644pa=''
MULTIDIR_atmega644rfr2=''
MULTIDIR_atmega6450=''
MULTIDIR_atmega6450a=''
MULTIDIR_atmega6450p=''
MULTIDIR_atmega645=''
MULTIDIR_atmega645a=''
MULTIDIR_atmega645p=''
MULTIDIR_atmega6490=''
MULTIDIR_atmega6490a=''
MULTIDIR_atmega6490p=''
MULTIDIR_atmega649=''
MULTIDIR_atmega649a=''
MULTIDIR_atmega649p=''
MULTIDIR_atmega64=''
MULTIDIR_atmega64a=''
MULTIDIR_atmega64c1=''
MULTIDIR_atmega64hve2=''
MULTIDIR_atmega64hve=''
MULTIDIR_atmega64m1=''
MULTIDIR_atmega64rfr2=''
MULTIDIR_atmega808=''
MULTIDIR_atmega809=''
MULTIDIR_atmega8515=''
MULTIDIR_atmega8535=''
MULTIDIR_atmega88=''
MULTIDIR_atmega88a=''
MULTIDIR_atmega88p=''
MULTIDIR_atmega88pa=''
MULTIDIR_atmega88pb=''
MULTIDIR_atmega8=''
MULTIDIR_atmega8a=''
MULTIDIR_atmega8hva=''
MULTIDIR_atmega8u2=''
MULTIDIR_attiny10=''
MULTIDIR_attiny11=''
MULTIDIR_attiny12=''
MULTIDIR_attiny13=''
MULTIDIR_attiny13a=''
MULTIDIR_attiny15=''
MULTIDIR_attiny1604=''
MULTIDIR_attiny1606=''
MULTIDIR_attiny1607=''
MULTIDIR_attiny1608=''
MULTIDIR_attiny1609=''
MULTIDIR_attiny1614=''
MULTIDIR_attiny1616=''
MULTIDIR_attiny1617=''
MULTIDIR_attiny1624=''
MULTIDIR_attiny1626=''
MULTIDIR_attiny1627=''
MULTIDIR_attiny1634=''
MULTIDIR_attiny167=''
MULTIDIR_attiny202=''
MULTIDIR_attiny204=''
MULTIDIR_attiny20=''
MULTIDIR_attiny212=''
MULTIDIR_attiny214=''
MULTIDIR_attiny22=''
MULTIDIR_attiny2313=''
MULTIDIR_attiny2313a=''
MULTIDIR_attiny24=''
MULTIDIR_attiny24a=''
MULTIDIR_attiny25=''
MULTIDIR_attiny261=''
MULTIDIR_attiny261a=''
MULTIDIR_attiny26=''
MULTIDIR_attiny28=''
MULTIDIR_attiny3208=''
MULTIDIR_attiny3209=''
MULTIDIR_attiny3214=''
MULTIDIR_attiny3216=''
MULTIDIR_attiny3217=''
MULTIDIR_attiny3224=''
MULTIDIR_attiny3226=''
MULTIDIR_attiny3227=''
MULTIDIR_attiny402=''
MULTIDIR_attiny404=''
MULTIDIR_attiny406=''
MULTIDIR_attiny40=''
MULTIDIR_attiny412=''
MULTIDIR_attiny414=''
MULTIDIR_attiny416=''
MULTIDIR_attiny417=''
MULTIDIR_attiny424=''
MULTIDIR_attiny426=''
MULTIDIR_attiny427=''
MULTIDIR_attiny4313=''
MULTIDIR_attiny43u=''
MULTIDIR_attiny441=''
MULTIDIR_attiny44=''
MULTIDIR_attiny44a=''
MULTIDIR_attiny45=''
MULTIDIR_attiny461=''
MULTIDIR_attiny461a=''
MULTIDIR_attiny4808=''
MULTIDIR_attiny4809=''
MULTIDIR_attiny48=''
MULTIDIR_attiny4=''
MULTIDIR_attiny5=''
MULTIDIR_attiny804=''
MULTIDIR_attiny806=''
MULTIDIR_attiny807=''
MULTIDIR_attiny814=''
MULTIDIR_attiny816=''
MULTIDIR_attiny817=''
MULTIDIR_attiny824=''
MULTIDIR_attiny826=''
MULTIDIR_attiny827=''
MULTIDIR_attiny828=''
MULTIDIR_attiny841=''
MULTIDIR_attiny84=''
MULTIDIR_attiny84a=''
MULTIDIR_attiny85=''
MULTIDIR_attiny861=''
MULTIDIR_attiny861a=''
MULTIDIR_attiny87=''
MULTIDIR_attiny88=''
MULTIDIR_attiny9=''
MULTIDIR_atxmega128a1=''
MULTIDIR_atxmega128a1u=''
MULTIDIR_atxmega128a3=''
MULTIDIR_atxmega128a3u=''
MULTIDIR_atxmega128a4u=''
MULTIDIR_atxmega128b1=''
MULTIDIR_atxmega128b3=''
MULTIDIR_atxmega128c3=''
MULTIDIR_atxmega128d3=''
MULTIDIR_atxmega128d4=''
MULTIDIR_atxmega16a4=''
MULTIDIR_atxmega16a4u=''
MULTIDIR_atxmega16c4=''
MULTIDIR_atxmega16d4=''
MULTIDIR_atxmega192a3=''
MULTIDIR_atxmega192a3u=''
MULTIDIR_atxmega192c3=''
MULTIDIR_atxmega192d3=''
MULTIDIR_atxmega256a3=''
MULTIDIR_atxmega256a3b=''
MULTIDIR_atxmega256a3bu=''
MULTIDIR_atxmega256a3u=''
MULTIDIR_atxmega256c3=''
MULTIDIR_atxmega256d3=''
MULTIDIR_atxmega32a4=''
MULTIDIR_atxmega32a4u=''
MULTIDIR_atxmega32c3=''
MULTIDIR_atxmega32c4=''
MULTIDIR_atxmega32d3=''
MULTIDIR_atxmega32d4=''
MULTIDIR_atxmega32e5=''
MULTIDIR_atxmega384c3=''
MULTIDIR_atxmega384d3=''
MULTIDIR_atxmega64a1=''
MULTIDIR_atxmega64a1u=''
MULTIDIR_atxmega64a3=''
MULTIDIR_atxmega64a3u=''
MULTIDIR_atxmega64a4u=''
MULTIDIR_atxmega64b1=''
MULTIDIR_atxmega64b3=''
MULTIDIR_atxmega64c3=''
MULTIDIR_atxmega64d3=''
MULTIDIR_atxmega64d4=''
MULTIDIR_atxmega8e5=''
MULTIDIR_avr128da28=''
MULTIDIR_avr128da32=''
MULTIDIR_avr128da48=''
MULTIDIR_avr128da64=''
MULTIDIR_avr128db28=''
MULTIDIR_avr128db32=''
MULTIDIR_avr128db48=''
MULTIDIR_avr128db64=''
MULTIDIR_avr16dd14=''
MULTIDIR_avr16dd20=''
MULTIDIR_avr16dd28=''
MULTIDIR_avr16dd32=''
MULTIDIR_avr25=''
MULTIDIR_avr25_double32=''
MULTIDIR_avr25_double64=''
MULTIDIR_avr25_long_double32=''
MULTIDIR_avr25_long_double64=''
MULTIDIR_avr25_tiny_stack=''
MULTIDIR_avr25_tiny_stack_double32=''
MULTIDIR_avr25_tiny_stack_double64=''
MULTIDIR_avr25_tiny_stack_long_double32=''
MULTIDIR_avr25_tiny_stack_long_double64=''
MULTIDIR_avr2=''
MULTIDIR_avr31=''
MULTIDIR_avr31_double32=''
MULTIDIR_avr31_double64=''
MULTIDIR_avr31_long_double32=''
MULTIDIR_avr31_long_double64=''
MULTIDIR_avr32da28=''
MULTIDIR_avr32da32=''
MULTIDIR_avr32da48=''
MULTIDIR_avr32db28=''
MULTIDIR_avr32db32=''
MULTIDIR_avr32db48=''
MULTIDIR_avr32dd14=''
MULTIDIR_avr32dd20=''
MULTIDIR_avr32dd28=''
MULTIDIR_avr32dd32=''
MULTIDIR_avr35=''
MULTIDIR_avr35_double32=''
MULTIDIR_avr35_double64=''
MULTIDIR_avr35_long_double32=''
MULTIDIR_avr35_long_double64=''
MULTIDIR_avr3=''
MULTIDIR_avr3_double32=''
MULTIDIR_avr3_double64=''
MULTIDIR_avr3_long_double32=''
MULTIDIR_avr3_long_double64=''
MULTIDIR_avr4=''
MULTIDIR_avr4_double32=''
MULTIDIR_avr4_double64=''
MULTIDIR_avr4_long_double32=''
MULTIDIR_avr4_long_double64=''
MULTIDIR_avr51=''
MULTIDIR_avr51_double32=''
MULTIDIR_avr51_double64=''
MULTIDIR_avr51_long_double32=''
MULTIDIR_avr51_long_double64=''
MULTIDIR_avr5=''
MULTIDIR_avr5_double32=''
MULTIDIR_avr5_double64=''
MULTIDIR_avr5_long_double32=''
MULTIDIR_avr5_long_double64=''
MULTIDIR_avr64da28=''
MULTIDIR_avr64da32=''
MULTIDIR_avr64da48=''
MULTIDIR_avr64da64=''
MULTIDIR_avr64db28=''
MULTIDIR_avr64db32=''
MULTIDIR_avr64db48=''
MULTIDIR_avr64db64=''
MULTIDIR_avr64dd14=''
MULTIDIR_avr64dd20=''
MULTIDIR_avr64dd28=''
MULTIDIR_avr64dd32=''
MULTIDIR_avr6=''
MULTIDIR_avr6_double32=''
MULTIDIR_avr6_double64=''
MULTIDIR_avr6_long_double32=''
MULTIDIR_avr6_long_double64=''
MULTIDIR_avrtiny=''
MULTIDIR_avrtiny_double32=''
MULTIDIR_avrtiny_double64=''
MULTIDIR_avrtiny_long_double32=''
MULTIDIR_avrtiny_long_double64=''
MULTIDIR_avrxmega2=''
MULTIDIR_avrxmega2_double32=''
MULTIDIR_avrxmega2_double64=''
MULTIDIR_avrxmega2_long_double32=''
MULTIDIR_avrxmega2_long_double64=''
MULTIDIR_avrxmega3=''
MULTIDIR_avrxmega3_double32=''
MULTIDIR_avrxmega3_double64=''
MULTIDIR_avrxmega3_long_double32=''
MULTIDIR_avrxmega3_long_double64=''
MULTIDIR_avrxmega3_short_calls=''
MULTIDIR_avrxmega3_short_calls_double32=''
MULTIDIR_avrxmega3_short_calls_double64=''
MULTIDIR_avrxmega3_short_calls_long_double32=''
MULTIDIR_avrxmega3_short_calls_long_double64=''
MULTIDIR_avrxmega4=''
MULTIDIR_avrxmega4_double32=''
MULTIDIR_avrxmega4_double64=''
MULTIDIR_avrxmega4_long_double32=''
MULTIDIR_avrxmega4_long_double64=''
MULTIDIR_avrxmega5=''
MULTIDIR_avrxmega5_double32=''
MULTIDIR_avrxmega5_double64=''
MULTIDIR_avrxmega5_long_double32=''
MULTIDIR_avrxmega5_long_double64=''
MULTIDIR_avrxmega6=''
MULTIDIR_avrxmega6_double32=''
MULTIDIR_avrxmega6_double64=''
MULTIDIR_avrxmega6_long_double32=''
MULTIDIR_avrxmega6_long_double64=''
MULTIDIR_avrxmega7=''
MULTIDIR_avrxmega7_double32=''
MULTIDIR_avrxmega7_double64=''
MULTIDIR_avrxmega7_long_double32=''
MULTIDIR_avrxmega7_long_double64=''
MULTIDIR_double32=''
MULTIDIR_double64=''
MULTIDIR_long_double32=''
MULTIDIR_long_double64=''
MULTIDIR_m3000=''
MULTIDIR_tiny_stack=''
MULTIDIR_tiny_stack_double32=''
MULTIDIR_tiny_stack_double64=''
MULTIDIR_tiny_stack_long_double32=''
MULTIDIR_tiny_stack_long_double64=''
MULTIDIR_unknown=''
MULTIOPT_avr25=''
MULTIOPT_avr25_double32=''
MULTIOPT_avr25_double64=''
MULTIOPT_avr25_long_double32=''
MULTIOPT_avr25_long_double64=''
MULTIOPT_avr25_tiny_stack=''
MULTIOPT_avr25_tiny_stack_double32=''
MULTIOPT_avr25_tiny_stack_double64=''
MULTIOPT_avr25_tiny_stack_long_double32=''
MULTIOPT_avr25_tiny_stack_long_double64=''
MULTIOPT_avr2=''
MULTIOPT_avr31=''
MULTIOPT_avr31_double32=''
MULTIOPT_avr31_double64=''
MULTIOPT_avr31_long_double32=''
MULTIOPT_avr31_long_double64=''
MULTIOPT_avr35=''
MULTIOPT_avr35_double32=''
MULTIOPT_avr35_double64=''
MULTIOPT_avr35_long_double32=''
MULTIOPT_avr35_long_double64=''
MULTIOPT_avr3=''
MULTIOPT_avr3_double32=''
MULTIOPT_avr3_double64=''
MULTIOPT_avr3_long_double32=''
MULTIOPT_avr3_long_double64=''
MULTIOPT_avr4=''
MULTIOPT_avr4_double32=''
MULTIOPT_avr4_double64=''
MULTIOPT_avr4_long_double32=''
MULTIOPT_avr4_long_double64=''
MULTIOPT_avr51=''
MULTIOPT_avr51_double32=''
MULTIOPT_avr51_double64=''
MULTIOPT_avr51_long_double32=''
MULTIOPT_avr51_long_double64=''
MULTIOPT_avr5=''
MULTIOPT_avr5_double32=''
MULTIOPT_avr5_double64=''
MULTIOPT_avr5_long_double32=''
MULTIOPT_avr5_long_double64=''
MULTIOPT_avr6=''
MULTIOPT_avr6_double32=''
MULTIOPT_avr6_double64=''
MULTIOPT_avr6_long_double32=''
MULTIOPT_avr6_long_double64=''
MULTIOPT_avrtiny=''
MULTIOPT_avrtiny_double32=''
MULTIOPT_avrtiny_double64=''
MULTIOPT_avrtiny_long_double32=''
MULTIOPT_avrtiny_long_double64=''
MULTIOPT_avrxmega2=''
MULTIOPT_avrxmega2_double32=''
MULTIOPT_avrxmega2_double64=''
MULTIOPT_avrxmega2_long_double32=''
MULTIOPT_avrxmega2_long_double64=''
MULTIOPT_avrxmega3=''
MULTIOPT_avrxmega3_double32=''
MULTIOPT_avrxmega3_double64=''
MULTIOPT_avrxmega3_long_double32=''
MULTIOPT_avrxmega3_long_double64=''
MULTIOPT_avrxmega3_short_calls=''
MULTIOPT_avrxmega3_short_calls_double32=''
MULTIOPT_avrxmega3_short_calls_double64=''
MULTIOPT_avrxmega3_short_calls_long_double32=''
MULTIOPT_avrxmega3_short_calls_long_double64=''
MULTIOPT_avrxmega4=''
MULTIOPT_avrxmega4_double32=''
MULTIOPT_avrxmega4_double64=''
MULTIOPT_avrxmega4_long_double32=''
MULTIOPT_avrxmega4_long_double64=''
MULTIOPT_avrxmega5=''
MULTIOPT_avrxmega5_double32=''
MULTIOPT_avrxmega5_double64=''
MULTIOPT_avrxmega5_long_double32=''
MULTIOPT_avrxmega5_long_double64=''
MULTIOPT_avrxmega6=''
MULTIOPT_avrxmega6_double32=''
MULTIOPT_avrxmega6_double64=''
MULTIOPT_avrxmega6_long_double32=''
MULTIOPT_avrxmega6_long_double64=''
MULTIOPT_avrxmega7=''
MULTIOPT_avrxmega7_double32=''
MULTIOPT_avrxmega7_double64=''
MULTIOPT_avrxmega7_long_double32=''
MULTIOPT_avrxmega7_long_double64=''
MULTIOPT_double32=''
MULTIOPT_double64=''
MULTIOPT_long_double32=''
MULTIOPT_long_double64=''
MULTIOPT_tiny_stack=''
MULTIOPT_tiny_stack_double32=''
MULTIOPT_tiny_stack_double64=''
MULTIOPT_tiny_stack_long_double32=''
MULTIOPT_tiny_stack_long_double64=''
OBJEXT=''
PACKAGE='avr-libc'
PACKAGE_BUGREPORT='avr-libc-dev@nongnu.org'
PACKAGE_NAME='avr-libc'
PACKAGE_STRING='avr-libc 2.2.0git'
PACKAGE_TARNAME='avr-libc'
PACKAGE_URL=''
PACKAGE_VERSION='2.2.0git'
PATH_SEPARATOR=':'
PNGTOPNM=''
PNMTOPNG=''
RANLIB='gcc-ranlib'
SET_MAKE=''
SHELL='/bin/bash'
STRIP='strip'
TARGET_DOX_HTML=''
TARGET_DOX_PDF=''
VERSION='2.2.0git'
ac_ct_CC=''
am__EXEEXT_FALSE=''
am__EXEEXT_TRUE=''
am__fastdepCCAS_FALSE=''
am__fastdepCCAS_TRUE=''
am__fastdepCC_FALSE=''
am__fastdepCC_TRUE=''
am__include=''
am__isrc=''
am__leading_dot='.'
am__nodep=''
am__quote=''
am__rm_f_notfound=''
am__tar='tar --format=ustar -chf - "$$tardir"'
am__untar='tar -xf -'
am__xargs_n='xargs -n'
bindir='/usr/bin'
build='x86_64-pc-linux-gnu'
build_alias='x86_64-linux'
build_cpu='x86_64'
build_os='linux-gnu'
build_vendor='pc'
datadir='/usr/share'
datarootdir='${prefix}/share'
docdir='${datarootdir}/doc/${PACKAGE_TARNAME}'
dvidir='${docdir}'
exec_prefix='/usr'
host='avr-unknown-none'
host_alias='avr'
host_cpu='avr'
host_os='none'
host_vendor='unknown'
htmldir='${docdir}'
includedir='/usr/include'
infodir='/usr/share/info'
install_sh='${SHELL} /tools/bitbake-builds/poky-whinlatter/build/tmp/work/all-poky-linux/avr-libc/2.1.0+git/sources/avr-libc-2.1.0+git/install-sh'
libdir='/usr/lib'
libexecdir='/usr/libexec'
localedir='${datarootdir}/locale'
localstatedir='/var'
mandir='/usr/share/man'
mkdir_p='$(MKDIR_P)'
oldincludedir='/usr/include'
pdfdir='${docdir}'
prefix='/usr'
program_transform_name='s,x,x,'
psdir='${docdir}'
runstatedir='${localstatedir}/run'
sbindir='/usr/sbin'
sharedstatedir='/com'
sysconfdir='/etc'
target_alias='allarch-poky-linux'

## ----------- ##
## confdefs.h. ##
## ----------- ##

/* confdefs.h */
#define PACKAGE_NAME "avr-libc"
#define PACKAGE_TARNAME "avr-libc"
#define PACKAGE_VERSION "2.2.0git"
#define PACKAGE_STRING "avr-libc 2.2.0git"
#define PACKAGE_BUGREPORT "avr-libc-dev@nongnu.org"
#define PACKAGE_URL ""
#define PACKAGE "avr-libc"
#define VERSION "2.2.0git"

configure: exit 1
